Archive member included to satisfy reference by file (symbol)

c:/nxp/s32ds_arm_v2.2/s32ds/build_tools/gcc_v6.3/gcc-6.3-arm32-eabi/bin/../lib/gcc/arm-none-eabi/6.3.1/thumb/v7e-m/fpv4-sp/hard\libgcc.a(_aeabi_uldivmod.o)
                              ./SDK/platform/pal/src/timing/timing_pal.o (__aeabi_uldivmod)
c:/nxp/s32ds_arm_v2.2/s32ds/build_tools/gcc_v6.3/gcc-6.3-arm32-eabi/bin/../lib/gcc/arm-none-eabi/6.3.1/thumb/v7e-m/fpv4-sp/hard\libgcc.a(_udivmoddi4.o)
                              c:/nxp/s32ds_arm_v2.2/s32ds/build_tools/gcc_v6.3/gcc-6.3-arm32-eabi/bin/../lib/gcc/arm-none-eabi/6.3.1/thumb/v7e-m/fpv4-sp/hard\libgcc.a(_aeabi_uldivmod.o) (__udivmoddi4)
c:/nxp/s32ds_arm_v2.2/s32ds/build_tools/gcc_v6.3/gcc-6.3-arm32-eabi/bin/../lib/gcc/arm-none-eabi/6.3.1/thumb/v7e-m/fpv4-sp/hard\libgcc.a(_dvmd_tls.o)
                              c:/nxp/s32ds_arm_v2.2/s32ds/build_tools/gcc_v6.3/gcc-6.3-arm32-eabi/bin/../lib/gcc/arm-none-eabi/6.3.1/thumb/v7e-m/fpv4-sp/hard\libgcc.a(_aeabi_uldivmod.o) (__aeabi_ldiv0)
C:/NXP/S32DS_ARM_v2.2/S32DS/build_tools/gcc_v6.3/gcc-6.3-arm32-eabi/arm-none-eabi/newlib/lib/thumb/v7e-m/fpv4-sp/hard\libc_nano.a(lib_a-exit.o)
                              C:/NXP/S32DS_ARM_v2.2/S32DS/build_tools/gcc_v6.3/gcc-6.3-arm32-eabi/arm-none-eabi/newlib/lib/thumb/v7e-m/fpv4-sp/hard/crt0.o (exit)
C:/NXP/S32DS_ARM_v2.2/S32DS/build_tools/gcc_v6.3/gcc-6.3-arm32-eabi/arm-none-eabi/newlib/lib/thumb/v7e-m/fpv4-sp/hard\libc_nano.a(lib_a-impure.o)
                              C:/NXP/S32DS_ARM_v2.2/S32DS/build_tools/gcc_v6.3/gcc-6.3-arm32-eabi/arm-none-eabi/newlib/lib/thumb/v7e-m/fpv4-sp/hard\libc_nano.a(lib_a-exit.o) (_global_impure_ptr)
C:/NXP/S32DS_ARM_v2.2/S32DS/build_tools/gcc_v6.3/gcc-6.3-arm32-eabi/arm-none-eabi/newlib/lib/thumb/v7e-m/fpv4-sp/hard\libc_nano.a(lib_a-init.o)
                              C:/NXP/S32DS_ARM_v2.2/S32DS/build_tools/gcc_v6.3/gcc-6.3-arm32-eabi/arm-none-eabi/newlib/lib/thumb/v7e-m/fpv4-sp/hard/crt0.o (__libc_init_array)
C:/NXP/S32DS_ARM_v2.2/S32DS/build_tools/gcc_v6.3/gcc-6.3-arm32-eabi/arm-none-eabi/newlib/lib/thumb/v7e-m/fpv4-sp/hard\libc_nano.a(lib_a-memcpy-stub.o)
                              ./Sources/uart_state_machine.o (memcpy)
C:/NXP/S32DS_ARM_v2.2/S32DS/build_tools/gcc_v6.3/gcc-6.3-arm32-eabi/arm-none-eabi/newlib/lib/thumb/v7e-m/fpv4-sp/hard\libc_nano.a(lib_a-memset.o)
                              C:/NXP/S32DS_ARM_v2.2/S32DS/build_tools/gcc_v6.3/gcc-6.3-arm32-eabi/arm-none-eabi/newlib/lib/thumb/v7e-m/fpv4-sp/hard/crt0.o (memset)
C:/NXP/S32DS_ARM_v2.2/S32DS/build_tools/gcc_v6.3/gcc-6.3-arm32-eabi/arm-none-eabi/newlib/lib/thumb/v7e-m/fpv4-sp/hard\libnosys.a(_exit.o)
                              C:/NXP/S32DS_ARM_v2.2/S32DS/build_tools/gcc_v6.3/gcc-6.3-arm32-eabi/arm-none-eabi/newlib/lib/thumb/v7e-m/fpv4-sp/hard\libc_nano.a(lib_a-exit.o) (_exit)

Discarded input sections

 .text          0x00000000        0x0 c:/nxp/s32ds_arm_v2.2/s32ds/build_tools/gcc_v6.3/gcc-6.3-arm32-eabi/bin/../lib/gcc/arm-none-eabi/6.3.1/thumb/v7e-m/fpv4-sp/hard/crti.o
 .data          0x00000000        0x0 c:/nxp/s32ds_arm_v2.2/s32ds/build_tools/gcc_v6.3/gcc-6.3-arm32-eabi/bin/../lib/gcc/arm-none-eabi/6.3.1/thumb/v7e-m/fpv4-sp/hard/crti.o
 .bss           0x00000000        0x0 c:/nxp/s32ds_arm_v2.2/s32ds/build_tools/gcc_v6.3/gcc-6.3-arm32-eabi/bin/../lib/gcc/arm-none-eabi/6.3.1/thumb/v7e-m/fpv4-sp/hard/crti.o
 .text          0x00000000       0xa4 c:/nxp/s32ds_arm_v2.2/s32ds/build_tools/gcc_v6.3/gcc-6.3-arm32-eabi/bin/../lib/gcc/arm-none-eabi/6.3.1/thumb/v7e-m/fpv4-sp/hard/crtbegin.o
 .data          0x00000000        0x4 c:/nxp/s32ds_arm_v2.2/s32ds/build_tools/gcc_v6.3/gcc-6.3-arm32-eabi/bin/../lib/gcc/arm-none-eabi/6.3.1/thumb/v7e-m/fpv4-sp/hard/crtbegin.o
 .bss           0x00000000       0x1c c:/nxp/s32ds_arm_v2.2/s32ds/build_tools/gcc_v6.3/gcc-6.3-arm32-eabi/bin/../lib/gcc/arm-none-eabi/6.3.1/thumb/v7e-m/fpv4-sp/hard/crtbegin.o
 .init_array    0x00000000        0x4 c:/nxp/s32ds_arm_v2.2/s32ds/build_tools/gcc_v6.3/gcc-6.3-arm32-eabi/bin/../lib/gcc/arm-none-eabi/6.3.1/thumb/v7e-m/fpv4-sp/hard/crtbegin.o
 .fini_array    0x00000000        0x4 c:/nxp/s32ds_arm_v2.2/s32ds/build_tools/gcc_v6.3/gcc-6.3-arm32-eabi/bin/../lib/gcc/arm-none-eabi/6.3.1/thumb/v7e-m/fpv4-sp/hard/crtbegin.o
 .eh_frame      0x00000000        0x0 c:/nxp/s32ds_arm_v2.2/s32ds/build_tools/gcc_v6.3/gcc-6.3-arm32-eabi/bin/../lib/gcc/arm-none-eabi/6.3.1/thumb/v7e-m/fpv4-sp/hard/crtbegin.o
 .jcr           0x00000000        0x0 c:/nxp/s32ds_arm_v2.2/s32ds/build_tools/gcc_v6.3/gcc-6.3-arm32-eabi/bin/../lib/gcc/arm-none-eabi/6.3.1/thumb/v7e-m/fpv4-sp/hard/crtbegin.o
 .tm_clone_table
                0x00000000        0x0 c:/nxp/s32ds_arm_v2.2/s32ds/build_tools/gcc_v6.3/gcc-6.3-arm32-eabi/bin/../lib/gcc/arm-none-eabi/6.3.1/thumb/v7e-m/fpv4-sp/hard/crtbegin.o
 .comment       0x00000000       0xa1 c:/nxp/s32ds_arm_v2.2/s32ds/build_tools/gcc_v6.3/gcc-6.3-arm32-eabi/bin/../lib/gcc/arm-none-eabi/6.3.1/thumb/v7e-m/fpv4-sp/hard/crtbegin.o
[...]
Memory Configuration

Name             Origin             Length             Attributes
m_interrupts     0x00000000         0x00000400         xr
m_flash_config   0x00000400         0x00000010         xr
m_text           0x00000410         0x0007fbf0         xr
m_data           0x1fff8000         0x00008000         rw
m_data_2         0x20000000         0x00007000         rw
*default*        0x00000000         0xffffffff

Linker script and memory map

LOAD c:/nxp/s32ds_arm_v2.2/s32ds/build_tools/gcc_v6.3/gcc-6.3-arm32-eabi/bin/../lib/gcc/arm-none-eabi/6.3.1/thumb/v7e-m/fpv4-sp/hard/crti.o
LOAD c:/nxp/s32ds_arm_v2.2/s32ds/build_tools/gcc_v6.3/gcc-6.3-arm32-eabi/bin/../lib/gcc/arm-none-eabi/6.3.1/thumb/v7e-m/fpv4-sp/hard/crtbegin.o
LOAD C:/NXP/S32DS_ARM_v2.2/S32DS/build_tools/gcc_v6.3/gcc-6.3-arm32-eabi/arm-none-eabi/newlib/lib/thumb/v7e-m/fpv4-sp/hard/crt0.o
LOAD ./Generated_Code/Cpu.o
LOAD ./Generated_Code/Flash1.o
LOAD ./Generated_Code/can_pal1.o
LOAD ./Generated_Code/clockMan1.o
LOAD ./Generated_Code/dmaController1.o
LOAD ./Generated_Code/pin_mux.o
LOAD ./Generated_Code/pwrMan1.o
LOAD ./Generated_Code/timing_pal1.o
LOAD ./Generated_Code/uart_pal1.o
LOAD ./Project_Settings/Startup_Code/startup_S32K144.o
LOAD ./SDK/platform/devices/S32K144/startup/system_S32K144.o
LOAD ./SDK/platform/devices/startup.o
LOAD ./SDK/platform/drivers/src/clock/S32K1xx/clock_S32K1xx.o
LOAD ./SDK/platform/drivers/src/edma/edma_driver.o
LOAD ./SDK/platform/drivers/src/edma/edma_hw_access.o
LOAD ./SDK/platform/drivers/src/edma/edma_irq.o
LOAD ./SDK/platform/drivers/src/flash/flash_driver.o
LOAD ./SDK/platform/drivers/src/flexcan/flexcan_driver.o
LOAD ./SDK/platform/drivers/src/flexcan/flexcan_hw_access.o
LOAD ./SDK/platform/drivers/src/flexcan/flexcan_irq.o
LOAD ./SDK/platform/drivers/src/ftm/ftm_common.o
LOAD ./SDK/platform/drivers/src/ftm/ftm_hw_access.o
LOAD ./SDK/platform/drivers/src/ftm/ftm_mc_driver.o
LOAD ./SDK/platform/drivers/src/ftm/ftm_oc_driver.o
LOAD ./SDK/platform/drivers/src/interrupt/interrupt_manager.o
LOAD ./SDK/platform/drivers/src/lpuart/lpuart_driver.o
LOAD ./SDK/platform/drivers/src/lpuart/lpuart_hw_access.o
LOAD ./SDK/platform/drivers/src/lpuart/lpuart_irq.o
LOAD ./SDK/platform/drivers/src/pins/pins_driver.o
LOAD ./SDK/platform/drivers/src/pins/pins_port_hw_access.o
LOAD ./SDK/platform/drivers/src/power/S32K1xx/power_manager_S32K1xx.o
LOAD ./SDK/platform/drivers/src/power/S32K1xx/power_smc_hw_access.o
LOAD ./SDK/platform/drivers/src/power/power_manager.o
LOAD ./SDK/platform/pal/src/can/can_pal.o
LOAD ./SDK/platform/pal/src/timing/timing_irq.o
LOAD ./SDK/platform/pal/src/timing/timing_pal.o
LOAD ./SDK/platform/pal/src/uart/uart_pal.o
LOAD ./SDK/rtos/osif/osif_baremetal.o
LOAD ./Sources/app_main.o
LOAD ./Sources/bb_memory.o
LOAD ./Sources/bootloader_app.o
LOAD ./Sources/can.o
LOAD ./Sources/clock.o
LOAD ./Sources/core_main.o
LOAD ./Sources/gpio.o
LOAD ./Sources/internal_flash.o
LOAD ./Sources/internal_flash_app.o
LOAD ./Sources/main.o
LOAD ./Sources/nvic.o
LOAD ./Sources/timer.o
LOAD ./Sources/uart.o
LOAD ./Sources/uart_state_machine.o
START GROUP
LOAD c:/nxp/s32ds_arm_v2.2/s32ds/build_tools/gcc_v6.3/gcc-6.3-arm32-eabi/bin/../lib/gcc/arm-none-eabi/6.3.1/thumb/v7e-m/fpv4-sp/hard\libgcc.a
LOAD C:/NXP/S32DS_ARM_v2.2/S32DS/build_tools/gcc_v6.3/gcc-6.3-arm32-eabi/arm-none-eabi/newlib/lib/thumb/v7e-m/fpv4-sp/hard\libc_nano.a
END GROUP
START GROUP
LOAD c:/nxp/s32ds_arm_v2.2/s32ds/build_tools/gcc_v6.3/gcc-6.3-arm32-eabi/bin/../lib/gcc/arm-none-eabi/6.3.1/thumb/v7e-m/fpv4-sp/hard\libgcc.a
LOAD C:/NXP/S32DS_ARM_v2.2/S32DS/build_tools/gcc_v6.3/gcc-6.3-arm32-eabi/arm-none-eabi/newlib/lib/thumb/v7e-m/fpv4-sp/hard\libc_nano.a
LOAD C:/NXP/S32DS_ARM_v2.2/S32DS/build_tools/gcc_v6.3/gcc-6.3-arm32-eabi/arm-none-eabi/newlib/lib/thumb/v7e-m/fpv4-sp/hard\libnosys.a
END GROUP
START GROUP
LOAD c:/nxp/s32ds_arm_v2.2/s32ds/build_tools/gcc_v6.3/gcc-6.3-arm32-eabi/bin/../lib/gcc/arm-none-eabi/6.3.1/thumb/v7e-m/fpv4-sp/hard\libgcc.a
LOAD C:/NXP/S32DS_ARM_v2.2/S32DS/build_tools/gcc_v6.3/gcc-6.3-arm32-eabi/arm-none-eabi/newlib/lib/thumb/v7e-m/fpv4-sp/hard\libc_nano.a
LOAD C:/NXP/S32DS_ARM_v2.2/S32DS/build_tools/gcc_v6.3/gcc-6.3-arm32-eabi/arm-none-eabi/newlib/lib/thumb/v7e-m/fpv4-sp/hard\libnosys.a
END GROUP
LOAD c:/nxp/s32ds_arm_v2.2/s32ds/build_tools/gcc_v6.3/gcc-6.3-arm32-eabi/bin/../lib/gcc/arm-none-eabi/6.3.1/thumb/v7e-m/fpv4-sp/hard/crtend.o
LOAD c:/nxp/s32ds_arm_v2.2/s32ds/build_tools/gcc_v6.3/gcc-6.3-arm32-eabi/bin/../lib/gcc/arm-none-eabi/6.3.1/thumb/v7e-m/fpv4-sp/hard/crtn.o
                0x00000400                HEAP_SIZE = DEFINED (__heap_size__)?__heap_size__:0x400
                0x00000400                STACK_SIZE = DEFINED (__stack_size__)?__stack_size__:0x400
                0x00000400                M_VECTOR_RAM_SIZE = DEFINED (__flash_vector_table__)?0x0:0x400

.interrupts     0x00000000      0x400
                0x00000000                __VECTOR_TABLE = .
                0x00000000                __interrupts_start__ = .
                0x00000000                . = ALIGN (0x4)
 *(.isr_vector)
 .isr_vector    0x00000000      0x400 ./Project_Settings/Startup_Code/startup_S32K144.o
                0x00000000                __isr_vector
                0x00000400                __interrupts_end__ = .
                0x00000400                . = ALIGN (0x4)

.flash_config   0x00000400       0x10
                0x00000400                . = ALIGN (0x4)
 *(.FlashConfig)
 .FlashConfig   0x00000400       0x10 ./Project_Settings/Startup_Code/startup_S32K144.o
                0x00000410                . = ALIGN (0x4)

.text           0x00000410     0x50a0
                0x00000410                . = ALIGN (0x4)
 *(.text)
 .text          0x00000410       0x4c ./Project_Settings/Startup_Code/startup_S32K144.o
                0x00000410                Reset_Handler
                0x00000458                DebugMon_Handler
                0x00000458                Reserved88_IRQHandler
                0x00000458                HardFault_Handler
                0x00000458                Reserved86_IRQHandler
                0x00000458                Reserved103_IRQHandler
                0x00000458                FTM2_Ovf_Reload_IRQHandler
                0x00000458                Reserved50_IRQHandler
                0x00000458                FTFC_Fault_IRQHandler
                0x00000458                FTM0_Ch6_Ch7_IRQHandler
                0x00000458                Reserved114_IRQHandler
                0x00000458                PendSV_Handler
                0x00000458                NMI_Handler
                0x00000458                Reserved89_IRQHandler
                0x00000458                ERM_double_fault_IRQHandler
                0x00000458                Reserved59_IRQHandler
                0x00000458                LPIT0_Ch0_IRQHandler
                0x00000458                Reserved99_IRQHandler
                0x00000458                FTM3_Ch6_Ch7_IRQHandler
                0x00000458                LPIT0_Ch3_IRQHandler
                0x00000458                Reserved92_IRQHandler
                0x00000458                FTM0_Ch4_Ch5_IRQHandler
                0x00000458                FTM3_Ch0_Ch1_IRQHandler
                0x00000458                SWI_IRQHandler
                0x00000458                ADC0_IRQHandler
                0x00000458                FTM2_Ch4_Ch5_IRQHandler
                0x00000458                UsageFault_Handler
                0x00000458                FTM0_Ovf_Reload_IRQHandler
                0x00000458                DefaultISR
                0x00000458                Reserved58_IRQHandler
                0x00000458                FTM1_Ch2_Ch3_IRQHandler
                0x00000458                Reserved82_IRQHandler
                0x00000458                LPI2C0_Slave_IRQHandler
                0x00000458                Reserved71_IRQHandler
                0x00000458                PORTD_IRQHandler
                0x00000458                Reserved69_IRQHandler
                0x00000458                PORTB_IRQHandler
                0x00000458                Reserved70_IRQHandler
                0x00000458                ADC1_IRQHandler
                0x00000458                FTM2_Ch2_Ch3_IRQHandler
                0x00000458                Reserved53_IRQHandler
                0x00000458                RTC_IRQHandler
                0x00000458                PDB0_IRQHandler
                0x00000458                Reserved54_IRQHandler
                0x00000458                FTM2_Ch6_Ch7_IRQHandler
                0x00000458                FTM3_Ch2_Ch3_IRQHandler
                0x00000458                FTM2_Ch0_Ch1_IRQHandler
                0x00000458                LPSPI1_IRQHandler
                0x00000458                LPUART1_RxTx_IRQHandler
                0x00000458                RTC_Seconds_IRQHandler
                0x00000458                Reserved72_IRQHandler
                0x00000458                Reserved110_IRQHandler
                0x00000458                Reserved107_IRQHandler
                0x00000458                Read_Collision_IRQHandler
                0x00000458                FTFC_IRQHandler
                0x00000458                FTM1_Ch6_Ch7_IRQHandler
                0x00000458                Reserved105_IRQHandler
                0x00000458                LPIT0_Ch1_IRQHandler
                0x00000458                FTM1_Ch4_Ch5_IRQHandler
                0x00000458                FTM3_Ovf_Reload_IRQHandler
                0x00000458                LPUART2_RxTx_IRQHandler
                0x00000458                LPSPI0_IRQHandler
                0x00000458                WDOG_EWM_IRQHandler
                0x00000458                MemManage_Handler
                0x00000458                Reserved90_IRQHandler
                0x00000458                Reserved83_IRQHandler
                0x00000458                FTM0_Fault_IRQHandler
                0x00000458                Reserved48_IRQHandler
                0x00000458                SVC_Handler
                0x00000458                ERM_single_fault_IRQHandler
                0x00000458                FTM2_Fault_IRQHandler
                0x00000458                FTM0_Ch2_Ch3_IRQHandler
                0x00000458                FTM0_Ch0_Ch1_IRQHandler
                0x00000458                FTM3_Fault_IRQHandler
                0x00000458                RCM_IRQHandler
                0x00000458                Reserved100_IRQHandler
                0x00000458                Reserved91_IRQHandler
                0x00000458                SCG_IRQHandler
                0x00000458                PDB1_IRQHandler
                0x00000458                Reserved81_IRQHandler
                0x00000458                Reserved46_IRQHandler
                0x00000458                Reserved45_IRQHandler
                0x00000458                Reserved112_IRQHandler
                0x00000458                LPI2C0_Master_IRQHandler
                0x00000458                FTM1_Fault_IRQHandler
                0x00000458                Reserved106_IRQHandler
                0x00000458                LVD_LVW_IRQHandler
                0x00000458                LPIT0_Ch2_IRQHandler
                0x00000458                PORTA_IRQHandler
                0x00000458                MCM_IRQHandler
                0x00000458                LPSPI2_IRQHandler
                0x00000458                FTM3_Ch4_Ch5_IRQHandler
                0x00000458                PORTE_IRQHandler
                0x00000458                LPUART0_RxTx_IRQHandler
                0x00000458                LPTMR0_IRQHandler
                0x00000458                BusFault_Handler
                0x00000458                Reserved87_IRQHandler
                0x00000458                FTM1_Ovf_Reload_IRQHandler
                0x00000458                Reserved93_IRQHandler
                0x00000458                CMP0_IRQHandler
                0x00000458                Reserved52_IRQHandler
                0x00000458                PORTC_IRQHandler
                0x00000458                FTM1_Ch0_Ch1_IRQHandler
                0x00000458                FLEXIO_IRQHandler
                0x00000458                Reserved113_IRQHandler
 *(.text*)
 .text.SystemInit
                0x0000045c       0x3c ./SDK/platform/devices/S32K144/startup/system_S32K144.o
                0x0000045c                SystemInit
 .text.SystemSoftwareReset
                0x00000498       0x18 ./SDK/platform/devices/S32K144/startup/system_S32K144.o
                0x00000498                SystemSoftwareReset
 .text.init_data_bss
                0x000004b0       0xd8 ./SDK/platform/devices/startup.o
                0x000004b0                init_data_bss
 .text.CLOCK_SYS_GetCurrentRunMode
                0x00000588       0x24 ./SDK/platform/drivers/src/clock/S32K1xx/clock_S32K1xx.o
 .text.CLOCK_SYS_GetSysOscFreq
                0x000005ac       0x1c ./SDK/platform/drivers/src/clock/S32K1xx/clock_S32K1xx.o
 .text.CLOCK_SYS_ConfigureSOSC
                0x000005c8      0x12c ./SDK/platform/drivers/src/clock/S32K1xx/clock_S32K1xx.o
 .text.CLOCK_SYS_GetSircFreq
                0x000006f4       0x2c ./SDK/platform/drivers/src/clock/S32K1xx/clock_S32K1xx.o
 .text.CLOCK_SYS_ConfigureSIRC
                0x00000720       0xc4 ./SDK/platform/drivers/src/clock/S32K1xx/clock_S32K1xx.o
 .text.CLOCK_SYS_GetFircFreq
                0x000007e4       0x20 ./SDK/platform/drivers/src/clock/S32K1xx/clock_S32K1xx.o
 .text.CLOCK_SYS_ConfigureFIRC
                0x00000804       0xb4 ./SDK/platform/drivers/src/clock/S32K1xx/clock_S32K1xx.o
 .text.CLOCK_SYS_GetSysPllFreq
                0x000008b8       0x44 ./SDK/platform/drivers/src/clock/S32K1xx/clock_S32K1xx.o
 .text.CLOCK_SYS_ConfigureSPLL
                0x000008fc      0x104 ./SDK/platform/drivers/src/clock/S32K1xx/clock_S32K1xx.o
 .text.CLOCK_SYS_SetSystemClockConfig
                0x00000a00      0x1e4 ./SDK/platform/drivers/src/clock/S32K1xx/clock_S32K1xx.o
 .text.CLOCK_SYS_TransitionSystemClock
                0x00000be4       0x3c ./SDK/platform/drivers/src/clock/S32K1xx/clock_S32K1xx.o
 .text.CLOCK_SYS_GetSystemClockFreq
                0x00000c20       0x78 ./SDK/platform/drivers/src/clock/S32K1xx/clock_S32K1xx.o
 .text.CLOCK_SYS_GetScgClkOutFreq
                0x00000c98       0x44 ./SDK/platform/drivers/src/clock/S32K1xx/clock_S32K1xx.o
 .text.CLOCK_SYS_GetSysAsyncFreq
                0x00000cdc       0xd4 ./SDK/platform/drivers/src/clock/S32K1xx/clock_S32K1xx.o
 .text.CLOCK_SYS_GetSimRtcClkFreq
                0x00000db0       0x50 ./SDK/platform/drivers/src/clock/S32K1xx/clock_S32K1xx.o
 .text.CLOCK_SYS_GetPeripheralClock
                0x00000e00       0x78 ./SDK/platform/drivers/src/clock/S32K1xx/clock_S32K1xx.o
 .text.CLOCK_SYS_GetLpoFreq
                0x00000e78       0x44 ./SDK/platform/drivers/src/clock/S32K1xx/clock_S32K1xx.o
 .text.CLOCK_SYS_GetSimClkOutFreq
                0x00000ebc       0x98 ./SDK/platform/drivers/src/clock/S32K1xx/clock_S32K1xx.o
 .text.CLOCK_DRV_Init
                0x00000f54      0x598 ./SDK/platform/drivers/src/clock/S32K1xx/clock_S32K1xx.o
                0x00000f54                CLOCK_DRV_Init
 .text.CLOCK_DRV_GetFreq
                0x000014ec      0x3a0 ./SDK/platform/drivers/src/clock/S32K1xx/clock_S32K1xx.o
                0x000014ec                CLOCK_DRV_GetFreq
 .text.CLOCK_SYS_Init
                0x0000188c       0x1c ./SDK/platform/drivers/src/clock/S32K1xx/clock_S32K1xx.o
                0x0000188c                CLOCK_SYS_Init
 .text.CLOCK_SYS_UpdateConfiguration
                0x000018a8       0xe8 ./SDK/platform/drivers/src/clock/S32K1xx/clock_S32K1xx.o
                0x000018a8                CLOCK_SYS_UpdateConfiguration
 .text.CLOCK_SYS_GetFreq
                0x00001990        0x8 ./SDK/platform/drivers/src/clock/S32K1xx/clock_S32K1xx.o
                0x00001990                CLOCK_SYS_GetFreq
 .text.EDMA_DRV_InstallCallback
                0x00001998       0x20 ./SDK/platform/drivers/src/edma/edma_driver.o
                0x00001998                EDMA_DRV_InstallCallback
 .text.EDMA_DRV_IRQHandler
                0x000019b8       0x2c ./SDK/platform/drivers/src/edma/edma_driver.o
                0x000019b8                EDMA_DRV_IRQHandler
 .text.EDMA_DRV_ErrorIRQHandler
                0x000019e4       0x3c ./SDK/platform/drivers/src/edma/edma_driver.o
                0x000019e4                EDMA_DRV_ErrorIRQHandler
 .text.EDMA_DRV_ConfigSingleBlockTransfer
                0x00001a20      0x148 ./SDK/platform/drivers/src/edma/edma_driver.o
                0x00001a20                EDMA_DRV_ConfigSingleBlockTransfer
 .text.EDMA_DRV_ConfigMultiBlockTransfer
                0x00001b68       0x64 ./SDK/platform/drivers/src/edma/edma_driver.o
                0x00001b68                EDMA_DRV_ConfigMultiBlockTransfer
 .text.EDMA_DRV_StartChannel
                0x00001bcc       0x18 ./SDK/platform/drivers/src/edma/edma_driver.o
                0x00001bcc                EDMA_DRV_StartChannel
 .text.EDMA_DRV_StopChannel
                0x00001be4       0x18 ./SDK/platform/drivers/src/edma/edma_driver.o
                0x00001be4                EDMA_DRV_StopChannel
 .text.EDMA_DRV_SetSrcAddr
                0x00001bfc       0x14 ./SDK/platform/drivers/src/edma/edma_driver.o
                0x00001bfc                EDMA_DRV_SetSrcAddr
 .text.EDMA_DRV_SetDestAddr
                0x00001c10       0x16 ./SDK/platform/drivers/src/edma/edma_driver.o
                0x00001c10                EDMA_DRV_SetDestAddr
 *fill*         0x00001c26        0x2 
 .text.EDMA_DRV_SetMajorLoopIterationCount
                0x00001c28       0x14 ./SDK/platform/drivers/src/edma/edma_driver.o
                0x00001c28                EDMA_DRV_SetMajorLoopIterationCount
 .text.EDMA_DRV_GetDmaRegBaseAddr
                0x00001c3c        0x8 ./SDK/platform/drivers/src/edma/edma_driver.o
                0x00001c3c                EDMA_DRV_GetDmaRegBaseAddr
 .text.EDMA_SetDmaRequestCmd
                0x00001c44        0xa ./SDK/platform/drivers/src/edma/edma_hw_access.o
                0x00001c44                EDMA_SetDmaRequestCmd
 .text.EDMA_TCDClearReg
                0x00001c4e       0x4a ./SDK/platform/drivers/src/edma/edma_hw_access.o
                0x00001c4e                EDMA_TCDClearReg
 .text.EDMA_TCDSetAttribute
                0x00001c98       0x30 ./SDK/platform/drivers/src/edma/edma_hw_access.o
                0x00001c98                EDMA_TCDSetAttribute
 .text.EDMA_TCDSetNbytes
                0x00001cc8       0x5c ./SDK/platform/drivers/src/edma/edma_hw_access.o
                0x00001cc8                EDMA_TCDSetNbytes
 .text.EDMA_TCDSetMajorCount
                0x00001d24       0x5e ./SDK/platform/drivers/src/edma/edma_hw_access.o
                0x00001d24                EDMA_TCDSetMajorCount
 .text.DMA0_IRQHandler
                0x00001d82        0xa ./SDK/platform/drivers/src/edma/edma_irq.o
                0x00001d82                DMA0_IRQHandler
 .text.DMA1_IRQHandler
                0x00001d8c        0xa ./SDK/platform/drivers/src/edma/edma_irq.o
                0x00001d8c                DMA1_IRQHandler
 .text.DMA2_IRQHandler
                0x00001d96        0xa ./SDK/platform/drivers/src/edma/edma_irq.o
                0x00001d96                DMA2_IRQHandler
 .text.DMA3_IRQHandler
                0x00001da0        0xa ./SDK/platform/drivers/src/edma/edma_irq.o
                0x00001da0                DMA3_IRQHandler
 .text.DMA4_IRQHandler
                0x00001daa        0xa ./SDK/platform/drivers/src/edma/edma_irq.o
                0x00001daa                DMA4_IRQHandler
 .text.DMA5_IRQHandler
                0x00001db4        0xa ./SDK/platform/drivers/src/edma/edma_irq.o
                0x00001db4                DMA5_IRQHandler
 .text.DMA6_IRQHandler
                0x00001dbe        0xa ./SDK/platform/drivers/src/edma/edma_irq.o
                0x00001dbe                DMA6_IRQHandler
 .text.DMA7_IRQHandler
                0x00001dc8        0xa ./SDK/platform/drivers/src/edma/edma_irq.o
                0x00001dc8                DMA7_IRQHandler
 .text.DMA8_IRQHandler
                0x00001dd2        0xa ./SDK/platform/drivers/src/edma/edma_irq.o
                0x00001dd2                DMA8_IRQHandler
 .text.DMA9_IRQHandler
                0x00001ddc        0xa ./SDK/platform/drivers/src/edma/edma_irq.o
                0x00001ddc                DMA9_IRQHandler
 .text.DMA10_IRQHandler
                0x00001de6        0xa ./SDK/platform/drivers/src/edma/edma_irq.o
                0x00001de6                DMA10_IRQHandler
 .text.DMA11_IRQHandler
                0x00001df0        0xa ./SDK/platform/drivers/src/edma/edma_irq.o
                0x00001df0                DMA11_IRQHandler
 .text.DMA12_IRQHandler
                0x00001dfa        0xa ./SDK/platform/drivers/src/edma/edma_irq.o
                0x00001dfa                DMA12_IRQHandler
 .text.DMA13_IRQHandler
                0x00001e04        0xa ./SDK/platform/drivers/src/edma/edma_irq.o
                0x00001e04                DMA13_IRQHandler
 .text.DMA14_IRQHandler
                0x00001e0e        0xa ./SDK/platform/drivers/src/edma/edma_irq.o
                0x00001e0e                DMA14_IRQHandler
 .text.DMA15_IRQHandler
                0x00001e18        0xa ./SDK/platform/drivers/src/edma/edma_irq.o
                0x00001e18                DMA15_IRQHandler
 .text.DMA_Error_IRQHandler
                0x00001e22       0x28 ./SDK/platform/drivers/src/edma/edma_irq.o
                0x00001e22                DMA_Error_IRQHandler
 *fill*         0x00001e4a        0x2 
 .text.FLASH_DRV_Init
                0x00001e4c       0xcc ./SDK/platform/drivers/src/flash/flash_driver.o
                0x00001e4c                FLASH_DRV_Init
 .text.FLASH_DRV_EraseSector
                0x00001f18       0x98 ./SDK/platform/drivers/src/flash/flash_driver.o
                0x00001f18                FLASH_DRV_EraseSector
 .text.FLASH_DRV_Program
                0x00001fb0       0xb8 ./SDK/platform/drivers/src/flash/flash_driver.o
                0x00001fb0                FLASH_DRV_Program
 .text.FLEXCAN_CompleteRxMessageFifoData
                0x00002068       0xa0 ./SDK/platform/drivers/src/flexcan/flexcan_driver.o
 .text.FLEXCAN_CompleteTransfer
                0x00002108       0x38 ./SDK/platform/drivers/src/flexcan/flexcan_driver.o
 .text.FLEXCAN_Error_IRQHandler
                0x00002140       0x28 ./SDK/platform/drivers/src/flexcan/flexcan_driver.o
                0x00002140                FLEXCAN_Error_IRQHandler
 .text.FLEXCAN_WakeUpHandler
                0x00002168       0x6c ./SDK/platform/drivers/src/flexcan/flexcan_driver.o
                0x00002168                FLEXCAN_WakeUpHandler
 .text.FLEXCAN_IRQHandler
                0x000021d4      0x1b8 ./SDK/platform/drivers/src/flexcan/flexcan_driver.o
                0x000021d4                FLEXCAN_IRQHandler
 .text.FLEXCAN_ComputePayloadSize
                0x0000238c       0x36 ./SDK/platform/drivers/src/flexcan/flexcan_hw_access.o
 .text.FLEXCAN_SetMsgBuffIntCmd
                0x000023c2       0x3c ./SDK/platform/drivers/src/flexcan/flexcan_hw_access.o
                0x000023c2                FLEXCAN_SetMsgBuffIntCmd
 *fill*         0x000023fe        0x2 
 .text.FLEXCAN_ClearErrIntStatusFlag
                0x00002400       0x14 ./SDK/platform/drivers/src/flexcan/flexcan_hw_access.o
                0x00002400                FLEXCAN_ClearErrIntStatusFlag
 .text.FLEXCAN_ReadRxFifo
                0x00002414       0x56 ./SDK/platform/drivers/src/flexcan/flexcan_hw_access.o
                0x00002414                FLEXCAN_ReadRxFifo
 .text.FLEXCAN_GetPayloadSize
                0x0000246a       0x20 ./SDK/platform/drivers/src/flexcan/flexcan_hw_access.o
                0x0000246a                FLEXCAN_GetPayloadSize
 .text.FLEXCAN_GetMsgBuffRegion
                0x0000248a       0x30 ./SDK/platform/drivers/src/flexcan/flexcan_hw_access.o
                0x0000248a                FLEXCAN_GetMsgBuffRegion
 .text.FLEXCAN_GetMsgBuff
                0x000024ba       0x96 ./SDK/platform/drivers/src/flexcan/flexcan_hw_access.o
                0x000024ba                FLEXCAN_GetMsgBuff
 .text.FLEXCAN_LockRxMsgBuff
                0x00002550        0xa ./SDK/platform/drivers/src/flexcan/flexcan_hw_access.o
                0x00002550                FLEXCAN_LockRxMsgBuff
 .text.CAN0_ORed_IRQHandler
                0x0000255a        0xa ./SDK/platform/drivers/src/flexcan/flexcan_irq.o
                0x0000255a                CAN0_ORed_IRQHandler
 .text.CAN0_Error_IRQHandler
                0x00002564        0xa ./SDK/platform/drivers/src/flexcan/flexcan_irq.o
                0x00002564                CAN0_Error_IRQHandler
 .text.CAN0_Wake_Up_IRQHandler
                0x0000256e        0xa ./SDK/platform/drivers/src/flexcan/flexcan_irq.o
                0x0000256e                CAN0_Wake_Up_IRQHandler
 .text.CAN0_ORed_0_15_MB_IRQHandler
                0x00002578        0xa ./SDK/platform/drivers/src/flexcan/flexcan_irq.o
                0x00002578                CAN0_ORed_0_15_MB_IRQHandler
 .text.CAN0_ORed_16_31_MB_IRQHandler
                0x00002582        0xa ./SDK/platform/drivers/src/flexcan/flexcan_irq.o
                0x00002582                CAN0_ORed_16_31_MB_IRQHandler
 .text.CAN1_ORed_IRQHandler
                0x0000258c        0xa ./SDK/platform/drivers/src/flexcan/flexcan_irq.o
                0x0000258c                CAN1_ORed_IRQHandler
 .text.CAN1_Error_IRQHandler
                0x00002596        0xa ./SDK/platform/drivers/src/flexcan/flexcan_irq.o
                0x00002596                CAN1_Error_IRQHandler
 .text.CAN1_ORed_0_15_MB_IRQHandler
                0x000025a0        0xa ./SDK/platform/drivers/src/flexcan/flexcan_irq.o
                0x000025a0                CAN1_ORed_0_15_MB_IRQHandler
 .text.CAN2_ORed_IRQHandler
                0x000025aa        0xa ./SDK/platform/drivers/src/flexcan/flexcan_irq.o
                0x000025aa                CAN2_ORed_IRQHandler
 .text.CAN2_Error_IRQHandler
                0x000025b4        0xa ./SDK/platform/drivers/src/flexcan/flexcan_irq.o
                0x000025b4                CAN2_Error_IRQHandler
 .text.CAN2_ORed_0_15_MB_IRQHandler
                0x000025be        0xa ./SDK/platform/drivers/src/flexcan/flexcan_irq.o
                0x000025be                CAN2_ORed_0_15_MB_IRQHandler
 .text.FTM_DRV_Deinit
                0x000025c8       0x20 ./SDK/platform/drivers/src/ftm/ftm_common.o
                0x000025c8                FTM_DRV_Deinit
 .text.FTM_DRV_SetSync
                0x000025e8      0x1bc ./SDK/platform/drivers/src/ftm/ftm_common.o
                0x000025e8                FTM_DRV_SetSync
 .text.FTM_DRV_EnableInterrupts
                0x000027a4       0xa8 ./SDK/platform/drivers/src/ftm/ftm_common.o
                0x000027a4                FTM_DRV_EnableInterrupts
 .text.FTM_DRV_DisableInterrupts
                0x0000284c       0xa4 ./SDK/platform/drivers/src/ftm/ftm_common.o
                0x0000284c                FTM_DRV_DisableInterrupts
 .text.FTM_DRV_GetFrequency
                0x000028f0       0x80 ./SDK/platform/drivers/src/ftm/ftm_common.o
                0x000028f0                FTM_DRV_GetFrequency
 .text.FTM_DRV_Init
                0x00002970       0xdc ./SDK/platform/drivers/src/ftm/ftm_common.o
                0x00002970                FTM_DRV_Init
 .text.FTM_DRV_InitModule
                0x00002a4c       0x18 ./SDK/platform/drivers/src/ftm/ftm_hw_access.o
                0x00002a4c                FTM_DRV_InitModule
 .text.FTM_DRV_Reset
                0x00002a64       0x66 ./SDK/platform/drivers/src/ftm/ftm_hw_access.o
                0x00002a64                FTM_DRV_Reset
 .text.FTM_DRV_SetChnTriggerCmd
                0x00002aca       0x32 ./SDK/platform/drivers/src/ftm/ftm_hw_access.o
                0x00002aca                FTM_DRV_SetChnTriggerCmd
 .text.FTM_DRV_InitOutputCompare
                0x00002afc      0x15c ./SDK/platform/drivers/src/ftm/ftm_oc_driver.o
                0x00002afc                FTM_DRV_InitOutputCompare
 .text.FTM_DRV_UpdateOutputCompareChannel
                0x00002c58       0x44 ./SDK/platform/drivers/src/ftm/ftm_oc_driver.o
                0x00002c58                FTM_DRV_UpdateOutputCompareChannel
 .text.INT_SYS_InstallHandler
                0x00002c9c       0x30 ./SDK/platform/drivers/src/interrupt/interrupt_manager.o
                0x00002c9c                INT_SYS_InstallHandler
 .text.INT_SYS_EnableIRQ
                0x00002ccc       0x18 ./SDK/platform/drivers/src/interrupt/interrupt_manager.o
                0x00002ccc                INT_SYS_EnableIRQ
 .text.INT_SYS_DisableIRQ
                0x00002ce4       0x1c ./SDK/platform/drivers/src/interrupt/interrupt_manager.o
                0x00002ce4                INT_SYS_DisableIRQ
 .text.INT_SYS_EnableIRQGlobal
                0x00002d00       0x1c ./SDK/platform/drivers/src/interrupt/interrupt_manager.o
                0x00002d00                INT_SYS_EnableIRQGlobal
 .text.INT_SYS_DisableIRQGlobal
                0x00002d1c       0x10 ./SDK/platform/drivers/src/interrupt/interrupt_manager.o
                0x00002d1c                INT_SYS_DisableIRQGlobal
 .text.INT_SYS_SetPriority
                0x00002d2c       0x58 ./SDK/platform/drivers/src/interrupt/interrupt_manager.o
                0x00002d2c                INT_SYS_SetPriority
 .text.LPUART_DRV_StartSendDataUsingInt
                0x00002d84       0x4c ./SDK/platform/drivers/src/lpuart/lpuart_driver.o
 .text.LPUART_DRV_StartSendDataUsingDma
                0x00002dd0       0x80 ./SDK/platform/drivers/src/lpuart/lpuart_driver.o
 .text.LPUART_DRV_CompleteSendDataUsingInt
                0x00002e50       0x64 ./SDK/platform/drivers/src/lpuart/lpuart_driver.o
 .text.LPUART_DRV_StopTxDma
                0x00002eb4       0x64 ./SDK/platform/drivers/src/lpuart/lpuart_driver.o
 .text.LPUART_DRV_TxDmaCallback
                0x00002f18       0x74 ./SDK/platform/drivers/src/lpuart/lpuart_driver.o
 .text.LPUART_DRV_PutData
                0x00002f8c       0x44 ./SDK/platform/drivers/src/lpuart/lpuart_driver.o
 .text.LPUART_DRV_StartReceiveDataUsingInt
                0x00002fd0       0x54 ./SDK/platform/drivers/src/lpuart/lpuart_driver.o
 .text.LPUART_DRV_StartReceiveDataUsingDma
                0x00003024       0x9c ./SDK/platform/drivers/src/lpuart/lpuart_driver.o
 .text.LPUART_DRV_CompleteReceiveDataUsingInt
                0x000030c0       0x64 ./SDK/platform/drivers/src/lpuart/lpuart_driver.o
 .text.LPUART_DRV_StopRxDma
                0x00003124       0x64 ./SDK/platform/drivers/src/lpuart/lpuart_driver.o
 .text.LPUART_DRV_RxDmaCallback
                0x00003188       0xa4 ./SDK/platform/drivers/src/lpuart/lpuart_driver.o
 .text.LPUART_DRV_GetData
                0x0000322c       0x5c ./SDK/platform/drivers/src/lpuart/lpuart_driver.o
 .text.LPUART_DRV_Deinit
                0x00003288       0x74 ./SDK/platform/drivers/src/lpuart/lpuart_driver.o
                0x00003288                LPUART_DRV_Deinit
 .text.LPUART_DRV_InstallRxCallback
                0x000032fc       0x14 ./SDK/platform/drivers/src/lpuart/lpuart_driver.o
                0x000032fc                LPUART_DRV_InstallRxCallback
 .text.LPUART_DRV_InstallTxCallback
                0x00003310       0x14 ./SDK/platform/drivers/src/lpuart/lpuart_driver.o
                0x00003310                LPUART_DRV_InstallTxCallback
 .text.LPUART_DRV_SendData
                0x00003324       0x24 ./SDK/platform/drivers/src/lpuart/lpuart_driver.o
                0x00003324                LPUART_DRV_SendData
 .text.LPUART_DRV_ReceiveData
                0x00003348       0x24 ./SDK/platform/drivers/src/lpuart/lpuart_driver.o
                0x00003348                LPUART_DRV_ReceiveData
 .text.LPUART_DRV_SetBaudRate
                0x0000336c       0xd4 ./SDK/platform/drivers/src/lpuart/lpuart_driver.o
                0x0000336c                LPUART_DRV_SetBaudRate
 .text.LPUART_DRV_Init
                0x00003440       0xe0 ./SDK/platform/drivers/src/lpuart/lpuart_driver.o
                0x00003440                LPUART_DRV_Init
 .text.LPUART_DRV_IRQHandler
                0x00003520      0x2a8 ./SDK/platform/drivers/src/lpuart/lpuart_driver.o
                0x00003520                LPUART_DRV_IRQHandler
 .text.LPUART_Init
                0x000037c8       0x24 ./SDK/platform/drivers/src/lpuart/lpuart_hw_access.o
                0x000037c8                LPUART_Init
 .text.LPUART_SetBitCountPerChar
                0x000037ec       0x30 ./SDK/platform/drivers/src/lpuart/lpuart_hw_access.o
                0x000037ec                LPUART_SetBitCountPerChar
 .text.LPUART_SetParityMode
                0x0000381c       0x1e ./SDK/platform/drivers/src/lpuart/lpuart_hw_access.o
                0x0000381c                LPUART_SetParityMode
 .text.LPUART_Putchar9
                0x0000383a       0x16 ./SDK/platform/drivers/src/lpuart/lpuart_hw_access.o
                0x0000383a                LPUART_Putchar9
 .text.LPUART_Putchar10
                0x00003850       0x22 ./SDK/platform/drivers/src/lpuart/lpuart_hw_access.o
                0x00003850                LPUART_Putchar10
 .text.LPUART_Getchar9
                0x00003872       0x12 ./SDK/platform/drivers/src/lpuart/lpuart_hw_access.o
                0x00003872                LPUART_Getchar9
 .text.LPUART_Getchar10
                0x00003884       0x1e ./SDK/platform/drivers/src/lpuart/lpuart_hw_access.o
                0x00003884                LPUART_Getchar10
 .text.LPUART_SetIntMode
                0x000038a2       0x70 ./SDK/platform/drivers/src/lpuart/lpuart_hw_access.o
                0x000038a2                LPUART_SetIntMode
 .text.LPUART_GetIntMode
                0x00003912       0x4a ./SDK/platform/drivers/src/lpuart/lpuart_hw_access.o
                0x00003912                LPUART_GetIntMode
 .text.LPUART_GetStatusFlag
                0x0000395c       0x48 ./SDK/platform/drivers/src/lpuart/lpuart_hw_access.o
                0x0000395c                LPUART_GetStatusFlag
 .text.LPUART_SetErrorInterrupts
                0x000039a4       0x40 ./SDK/platform/drivers/src/lpuart/lpuart_hw_access.o
                0x000039a4                LPUART_SetErrorInterrupts
 .text.LPUART0_IrqHandler
                0x000039e4        0xa ./SDK/platform/drivers/src/lpuart/lpuart_irq.o
                0x000039e4                LPUART0_IrqHandler
 .text.LPUART1_IrqHandler
                0x000039ee        0xa ./SDK/platform/drivers/src/lpuart/lpuart_irq.o
                0x000039ee                LPUART1_IrqHandler
 .text.LPUART2_IrqHandler
                0x000039f8        0xa ./SDK/platform/drivers/src/lpuart/lpuart_irq.o
                0x000039f8                LPUART2_IrqHandler
 .text.PINS_DRV_Init
                0x00003a02       0x20 ./SDK/platform/drivers/src/pins/pins_driver.o
                0x00003a02                PINS_DRV_Init
 *fill*         0x00003a22        0x2 
 .text.PINS_GetAdcInterleaveVal
                0x00003a24       0x70 ./SDK/platform/drivers/src/pins/pins_port_hw_access.o
 .text.PINS_Init
                0x00003a94      0x114 ./SDK/platform/drivers/src/pins/pins_port_hw_access.o
                0x00003a94                PINS_Init
 .text.FTM0_Ch0_Ch1_IrqHandler
                0x00003ba8       0x40 ./SDK/platform/pal/src/timing/timing_irq.o
                0x00003ba8                FTM0_Ch0_Ch1_IrqHandler
 .text.FTM0_Ch2_Ch3_IrqHandler
                0x00003be8       0x40 ./SDK/platform/pal/src/timing/timing_irq.o
                0x00003be8                FTM0_Ch2_Ch3_IrqHandler
 .text.FTM0_Ch4_Ch5_IrqHandler
                0x00003c28       0x40 ./SDK/platform/pal/src/timing/timing_irq.o
                0x00003c28                FTM0_Ch4_Ch5_IrqHandler
 .text.FTM0_Ch6_Ch7_IrqHandler
                0x00003c68       0x40 ./SDK/platform/pal/src/timing/timing_irq.o
                0x00003c68                FTM0_Ch6_Ch7_IrqHandler
 .text.FTM1_Ch0_Ch1_IrqHandler
                0x00003ca8       0x40 ./SDK/platform/pal/src/timing/timing_irq.o
                0x00003ca8                FTM1_Ch0_Ch1_IrqHandler
 .text.FTM1_Ch2_Ch3_IrqHandler
                0x00003ce8       0x40 ./SDK/platform/pal/src/timing/timing_irq.o
                0x00003ce8                FTM1_Ch2_Ch3_IrqHandler
 .text.FTM1_Ch4_Ch5_IrqHandler
                0x00003d28       0x40 ./SDK/platform/pal/src/timing/timing_irq.o
                0x00003d28                FTM1_Ch4_Ch5_IrqHandler
 .text.FTM1_Ch6_Ch7_IrqHandler
                0x00003d68       0x40 ./SDK/platform/pal/src/timing/timing_irq.o
                0x00003d68                FTM1_Ch6_Ch7_IrqHandler
 .text.FTM2_Ch0_Ch1_IrqHandler
                0x00003da8       0x40 ./SDK/platform/pal/src/timing/timing_irq.o
                0x00003da8                FTM2_Ch0_Ch1_IrqHandler
 .text.FTM2_Ch2_Ch3_IrqHandler
                0x00003de8       0x40 ./SDK/platform/pal/src/timing/timing_irq.o
                0x00003de8                FTM2_Ch2_Ch3_IrqHandler
 .text.FTM2_Ch4_Ch5_IrqHandler
                0x00003e28       0x40 ./SDK/platform/pal/src/timing/timing_irq.o
                0x00003e28                FTM2_Ch4_Ch5_IrqHandler
 .text.FTM2_Ch6_Ch7_IrqHandler
                0x00003e68       0x40 ./SDK/platform/pal/src/timing/timing_irq.o
                0x00003e68                FTM2_Ch6_Ch7_IrqHandler
 .text.FTM3_Ch0_Ch1_IrqHandler
                0x00003ea8       0x40 ./SDK/platform/pal/src/timing/timing_irq.o
                0x00003ea8                FTM3_Ch0_Ch1_IrqHandler
 .text.FTM3_Ch2_Ch3_IrqHandler
                0x00003ee8       0x40 ./SDK/platform/pal/src/timing/timing_irq.o
                0x00003ee8                FTM3_Ch2_Ch3_IrqHandler
 .text.FTM3_Ch4_Ch5_IrqHandler
                0x00003f28       0x40 ./SDK/platform/pal/src/timing/timing_irq.o
                0x00003f28                FTM3_Ch4_Ch5_IrqHandler
 .text.FTM3_Ch6_Ch7_IrqHandler
                0x00003f68       0x40 ./SDK/platform/pal/src/timing/timing_irq.o
                0x00003f68                FTM3_Ch6_Ch7_IrqHandler
 .text.TIMING_Init
                0x00003fa8      0x17c ./SDK/platform/pal/src/timing/timing_pal.o
                0x00003fa8                TIMING_Init
 .text.TIMING_Deinit
                0x00004124       0x12 ./SDK/platform/pal/src/timing/timing_pal.o
                0x00004124                TIMING_Deinit
 *fill*         0x00004136        0x2 
 .text.TIMING_StartChannel
                0x00004138       0x84 ./SDK/platform/pal/src/timing/timing_pal.o
                0x00004138                TIMING_StartChannel
 .text.TIMING_Ftm_IrqHandler
                0x000041bc       0xf0 ./SDK/platform/pal/src/timing/timing_pal.o
                0x000041bc                TIMING_Ftm_IrqHandler
 .text.UART_Init
                0x000042ac       0xb0 ./SDK/platform/pal/src/uart/uart_pal.o
                0x000042ac                UART_Init
 .text.UART_Deinit
                0x0000435c       0x38 ./SDK/platform/pal/src/uart/uart_pal.o
                0x0000435c                UART_Deinit
 .text.UART_SendData
                0x00004394       0x12 ./SDK/platform/pal/src/uart/uart_pal.o
                0x00004394                UART_SendData
 .text.UART_ReceiveData
                0x000043a6       0x12 ./SDK/platform/pal/src/uart/uart_pal.o
                0x000043a6                UART_ReceiveData
 .text.SysTick_Handler
                0x000043b8       0x10 ./SDK/rtos/osif/osif_baremetal.o
                0x000043b8                SysTick_Handler
 .text.OSIF_SemaPost
                0x000043c8       0x26 ./SDK/rtos/osif/osif_baremetal.o
                0x000043c8                OSIF_SemaPost
 .text.OSIF_SemaCreate
                0x000043ee       0x14 ./SDK/rtos/osif/osif_baremetal.o
                0x000043ee                OSIF_SemaCreate
 .text.OSIF_SemaDestroy
                0x00004402        0x4 ./SDK/rtos/osif/osif_baremetal.o
                0x00004402                OSIF_SemaDestroy
 .text.app_main
                0x00004406       0x38 ./Sources/app_main.o
                0x00004406                app_main
 .text.memory_copy_u8_array_v
                0x0000443e       0x1c ./Sources/bb_memory.o
                0x0000443e                memory_copy_u8_array_v
 .text.memory_set_u8_array_v
                0x0000445a       0x16 ./Sources/bb_memory.o
                0x0000445a                memory_set_u8_array_v
 .text.memory_comp_u8
                0x00004470       0x34 ./Sources/bb_memory.o
                0x00004470                memory_comp_u8
 .text.bootloader_app_crc32_generate_u32
                0x000044a4       0x44 ./Sources/bootloader_app.o
                0x000044a4                bootloader_app_crc32_generate_u32
 .text.bootloader_app_whole_bin_crc32_generate_u32
                0x000044e8       0x44 ./Sources/bootloader_app.o
                0x000044e8                bootloader_app_whole_bin_crc32_generate_u32
 .text.bootloader_app_uart_cmd_ack_send_v
                0x0000452c       0x46 ./Sources/bootloader_app.o
                0x0000452c                bootloader_app_uart_cmd_ack_send_v
 .text.bootlaoder_erase_application_section
                0x00004572       0x24 ./Sources/bootloader_app.o
 .text.bootloader_app_uart_data_send_v
                0x00004596       0x68 ./Sources/bootloader_app.o
                0x00004596                bootloader_app_uart_data_send_v
 *fill*         0x000045fe        0x2 
 .text.boot_loader_app_check_new_firmware_e
                0x00004600       0x54 ./Sources/bootloader_app.o
                0x00004600                boot_loader_app_check_new_firmware_e
 .text.boot_loader_app_jumping_to_main_application_e
                0x00004654       0x78 ./Sources/bootloader_app.o
                0x00004654                boot_loader_app_jumping_to_main_application_e
 .text.boot_loader_app_run_old_firmware_e
                0x000046cc        0xa ./Sources/bootloader_app.o
                0x000046cc                boot_loader_app_run_old_firmware_e
 *fill*         0x000046d6        0x2 
 .text.bootloader_write_new_firmware
                0x000046d8      0x110 ./Sources/bootloader_app.o
                0x000046d8                bootloader_write_new_firmware
 .text.bootloader_update_new_firmware
                0x000047e8       0x10 ./Sources/bootloader_app.o
                0x000047e8                bootloader_update_new_firmware
 .text.bootloader_jumping_to_boot_section
                0x000047f8       0x8c ./Sources/bootloader_app.o
                0x000047f8                bootloader_jumping_to_boot_section
 .text.bootloader_UART_rx_process
                0x00004884      0x2c4 ./Sources/bootloader_app.o
                0x00004884                bootloader_UART_rx_process
 .text.bootloader_app_failure_v
                0x00004b48       0x64 ./Sources/bootloader_app.o
                0x00004b48                bootloader_app_failure_v
 .text.clock_init_u8
                0x00004bac       0x28 ./Sources/clock.o
                0x00004bac                clock_init_u8
 .text.core_main_u8
                0x00004bd4       0x3c ./Sources/core_main.o
                0x00004bd4                core_main_u8
 .text.gpio_init_u8
                0x00004c10       0x14 ./Sources/gpio.o
                0x00004c10                gpio_init_u8
 .text.internal_flash_init
                0x00004c24       0x1c ./Sources/internal_flash.o
                0x00004c24                internal_flash_init
 .text.internal_flash_program_e
                0x00004c40       0x1c ./Sources/internal_flash.o
                0x00004c40                internal_flash_program_e
 .text.internal_flash_erase_e
                0x00004c5c       0x34 ./Sources/internal_flash.o
                0x00004c5c                internal_flash_erase_e
 .text.internal_flash_app_write_e
                0x00004c90       0x7c ./Sources/internal_flash_app.o
                0x00004c90                internal_flash_app_write_e
 .text.internal_flash_app_read_e
                0x00004d0c       0x48 ./Sources/internal_flash_app.o
                0x00004d0c                internal_flash_app_read_e
 .text.in_flash_app_erase_e
                0x00004d54       0x1c ./Sources/internal_flash_app.o
                0x00004d54                in_flash_app_erase_e
 .text.main     0x00004d70       0x18 ./Sources/main.o
                0x00004d70                main
 .text.nvic_init_v
                0x00004d88       0x78 ./Sources/nvic.o
                0x00004d88                nvic_init_v
 .text.nvic_enable_all_Interrupts_v
                0x00004e00       0x3c ./Sources/nvic.o
                0x00004e00                nvic_enable_all_Interrupts_v
 .text.timer_init_u8
                0x00004e3c       0x30 ./Sources/timer.o
                0x00004e3c                timer_init_u8
 .text.timer_start_base_v
                0x00004e6c       0x30 ./Sources/timer.o
                0x00004e6c                timer_start_base_v
 .text.timer_pal_chan0_callback_1000ms_v
                0x00004e9c        0xc ./Sources/timer.o
                0x00004e9c                timer_pal_chan0_callback_1000ms_v
 .text.uart_rx_data_queue
                0x00004ea8       0x1c ./Sources/uart.o
                0x00004ea8                uart_rx_data_queue
 .text.uart_init
                0x00004ec4       0x20 ./Sources/uart.o
                0x00004ec4                uart_init
 .text.uart_tx_data
                0x00004ee4       0x18 ./Sources/uart.o
                0x00004ee4                uart_tx_data
 .text.uart0_rx_callback
                0x00004efc       0x34 ./Sources/uart.o
                0x00004efc                uart0_rx_callback
 .text.execute_command
                0x00004f30       0xe0 ./Sources/uart_state_machine.o
                0x00004f30                execute_command
 .text.process_uart_data
                0x00005010      0x120 ./Sources/uart_state_machine.o
                0x00005010                process_uart_data
 .text.memcpy   0x00005130       0x16 C:/NXP/S32DS_ARM_v2.2/S32DS/build_tools/gcc_v6.3/gcc-6.3-arm32-eabi/arm-none-eabi/newlib/lib/thumb/v7e-m/fpv4-sp/hard\libc_nano.a(lib_a-memcpy-stub.o)
                0x00005130                memcpy
 .text.memset   0x00005146       0x10 C:/NXP/S32DS_ARM_v2.2/S32DS/build_tools/gcc_v6.3/gcc-6.3-arm32-eabi/arm-none-eabi/newlib/lib/thumb/v7e-m/fpv4-sp/hard\libc_nano.a(lib_a-memset.o)
                0x00005146                memset
 *(.rodata)
 *(.rodata*)
 *fill*         0x00005156        0x2 
 .rodata.internal_flash_config_st
                0x00005158       0x14 ./Generated_Code/Flash1.o
                0x00005158                internal_flash_config_st
 .rodata.timing_pal1_instance
                0x0000516c        0x8 ./Generated_Code/timing_pal1.o
                0x0000516c                timing_pal1_instance
 .rodata.uart_pal1_Config0
                0x00005174       0x20 ./Generated_Code/uart_pal1.o
                0x00005174                uart_pal1_Config0
 .rodata.uart_pal1_instance
                0x00005194        0x8 ./Generated_Code/uart_pal1.o
                0x00005194                uart_pal1_instance
 .rodata.clockNameMappings
                0x0000519c       0x9e ./SDK/platform/drivers/src/clock/S32K1xx/clock_S32K1xx.o
                0x0000519c                clockNameMappings
 *fill*         0x0000523a        0x2 
 .rodata.maxSysClksInHSRUN.7598
                0x0000523c       0x54 ./SDK/platform/drivers/src/clock/S32K1xx/clock_S32K1xx.o
 .rodata.maxSysClksInRUN.7597
                0x00005290       0x54 ./SDK/platform/drivers/src/clock/S32K1xx/clock_S32K1xx.o
 .rodata.maxSysClksInVLPR.7596
                0x000052e4       0x54 ./SDK/platform/drivers/src/clock/S32K1xx/clock_S32K1xx.o
 .rodata.peripheralFeaturesList
                0x00005338       0x4f ./SDK/platform/drivers/src/clock/S32K1xx/clock_S32K1xx.o
                0x00005338                peripheralFeaturesList
 *fill*         0x00005387        0x1 
 .rodata.g_flexcanBase
                0x00005388        0xc ./SDK/platform/drivers/src/flexcan/flexcan_driver.o
 .rodata.g_ftmBase
                0x00005394       0x10 ./SDK/platform/drivers/src/ftm/ftm_common.o
                0x00005394                g_ftmBase
 .rodata.g_ftmExtClockSel
                0x000053a4        0x8 ./SDK/platform/drivers/src/ftm/ftm_common.o
 .rodata.g_ftmFaultIrqId
                0x000053ac        0x4 ./SDK/platform/drivers/src/ftm/ftm_common.o
                0x000053ac                g_ftmFaultIrqId
 .rodata.g_ftmIrqId
                0x000053b0       0x20 ./SDK/platform/drivers/src/ftm/ftm_common.o
                0x000053b0                g_ftmIrqId
 .rodata.g_ftmOverflowIrqId
                0x000053d0        0x4 ./SDK/platform/drivers/src/ftm/ftm_common.o
                0x000053d0                g_ftmOverflowIrqId
 .rodata.g_ftmReloadIrqId
                0x000053d4        0x4 ./SDK/platform/drivers/src/ftm/ftm_common.o
                0x000053d4                g_ftmReloadIrqId
 .rodata.s_lpuartBase
                0x000053d8        0xc ./SDK/platform/drivers/src/lpuart/lpuart_driver.o
 .rodata.s_lpuartClkNames
                0x000053e4        0x3 ./SDK/platform/drivers/src/lpuart/lpuart_driver.o
 *fill*         0x000053e7        0x1 
 .rodata.s_lpuartRxTxIrqId
                0x000053e8        0x3 ./SDK/platform/drivers/src/lpuart/lpuart_driver.o
 *fill*         0x000053eb        0x1 
 .rodata.s_timingOverFtmIsr
                0x000053ec       0x80 ./SDK/platform/pal/src/timing/timing_irq.o
                0x000053ec                s_timingOverFtmIsr
 .rodata.ftmBase
                0x0000546c       0x10 ./SDK/platform/pal/src/timing/timing_pal.o
                0x0000546c                ftmBase
 .rodata.s_ftmIrq
                0x0000547c       0x20 ./SDK/platform/pal/src/timing/timing_pal.o
 *(.init)
 .init          0x0000549c        0x4 c:/nxp/s32ds_arm_v2.2/s32ds/build_tools/gcc_v6.3/gcc-6.3-arm32-eabi/bin/../lib/gcc/arm-none-eabi/6.3.1/thumb/v7e-m/fpv4-sp/hard/crti.o
                0x0000549c                _init
 *(.fini)
 .fini          0x000054a0        0x4 c:/nxp/s32ds_arm_v2.2/s32ds/build_tools/gcc_v6.3/gcc-6.3-arm32-eabi/bin/../lib/gcc/arm-none-eabi/6.3.1/thumb/v7e-m/fpv4-sp/hard/crti.o
                0x000054a0                _fini
 *fill*         0x000054a4        0x4 
 .fini.__stub   0x000054a8        0x8 linker stubs
 *(.eh_frame)
                0x000054b0                . = ALIGN (0x4)

.glue_7         0x000054b0        0x0
 .glue_7        0x000054b0        0x0 linker stubs

.glue_7t        0x000054b0        0x0
 .glue_7t       0x000054b0        0x0 linker stubs

.vfp11_veneer   0x000054b0        0x0
 .vfp11_veneer  0x000054b0        0x0 linker stubs

.v4_bx          0x000054b0        0x0
 .v4_bx         0x000054b0        0x0 linker stubs

.iplt           0x000054b0        0x0
 .iplt          0x000054b0        0x0 c:/nxp/s32ds_arm_v2.2/s32ds/build_tools/gcc_v6.3/gcc-6.3-arm32-eabi/bin/../lib/gcc/arm-none-eabi/6.3.1/thumb/v7e-m/fpv4-sp/hard/crtbegin.o

.ARM            0x000054b0        0x0
                0x000054b0                __exidx_start = .
 *(.ARM.exidx*)
                0x000054b0                __exidx_end = .
                0x000054b0                __etext = .
                0x000054b0                __DATA_ROM = .

.interrupts_ram
                0x1fff8000      0x400
                0x1fff8000                . = ALIGN (0x4)
                0x1fff8000                __VECTOR_RAM__ = .
                0x1fff8000                __RAM_START = .
                0x1fff8000                __interrupts_ram_start__ = .
 *(.m_interrupts_ram)
                0x1fff8400                . = (. + M_VECTOR_RAM_SIZE)
 *fill*         0x1fff8000      0x400 
                0x1fff8400                . = ALIGN (0x4)
                0x1fff8400                __interrupts_ram_end__ = .
                0x1fff8000                __VECTOR_RAM = DEFINED (__flash_vector_table__)?ORIGIN (m_interrupts):__VECTOR_RAM__
                0x00000400                __RAM_VECTOR_TABLE_SIZE = DEFINED (__flash_vector_table__)?0x0:(__interrupts_ram_end__ - __interrupts_ram_start__)

.data           0x1fff8400      0x210 load address 0x000054b0
                0x1fff8400                . = ALIGN (0x4)
                0x1fff8400                __DATA_RAM = .
                0x1fff8400                __data_start__ = .
 *(.data)
 *(.data*)
 .data.clockMan1_InitConfig0
                0x1fff8400       0x78 ./Generated_Code/clockMan1.o
                0x1fff8400                clockMan1_InitConfig0
 .data.g_clockManConfigsArr
                0x1fff8478        0x4 ./Generated_Code/clockMan1.o
                0x1fff8478                g_clockManConfigsArr
 .data.peripheralClockConfig0
                0x1fff847c       0x55 ./Generated_Code/clockMan1.o
                0x1fff847c                peripheralClockConfig0
 *fill*         0x1fff84d1        0x3 
 .data.g_pin_mux_InitConfigArr
                0x1fff84d4       0x60 ./Generated_Code/pin_mux.o
                0x1fff84d4                g_pin_mux_InitConfigArr
 .data.timing_pal1_InitConfig
                0x1fff8534        0xc ./Generated_Code/timing_pal1.o
                0x1fff8534                timing_pal1_InitConfig
 .data.timing_pal1_channelConfigs
                0x1fff8540        0xc ./Generated_Code/timing_pal1.o
                0x1fff8540                timing_pal1_channelConfigs
 .data.timing_pal1_ftmExtension
                0x1fff854c        0x4 ./Generated_Code/timing_pal1.o
                0x1fff854c                timing_pal1_ftmExtension
 .data.peripheralClockConfig.7360
                0x1fff8550       0xa0 ./SDK/platform/drivers/src/clock/S32K1xx/clock_S32K1xx.o
 .data.g_lpuartIsr
                0x1fff85f0        0xc ./SDK/platform/drivers/src/lpuart/lpuart_irq.o
                0x1fff85f0                g_lpuartIsr
 .data.start_boot_loader_read_address_u32
                0x1fff85fc        0x4 ./Sources/bootloader_app.o
                0x1fff85fc                start_boot_loader_read_address_u32
 .data.start_boot_loader_write_address_u32
                0x1fff8600        0x4 ./Sources/bootloader_app.o
                0x1fff8600                start_boot_loader_write_address_u32
 .data.nvic_init_st
                0x1fff8604        0x8 ./Sources/nvic.o
                0x1fff8604                nvic_init_st
 .data.uart_receive_counter_u16
                0x1fff860c        0x2 ./Sources/uart.o
                0x1fff860c                uart_receive_counter_u16
                0x1fff8610                . = ALIGN (0x4)
 *fill*         0x1fff860e        0x2 
                0x1fff8610                __data_end__ = .
                0x000056c0                __DATA_END = (__DATA_ROM + (__data_end__ - __data_start__))
                0x000056c0                __CODE_ROM = __DATA_END

.igot.plt       0x1fff8610        0x0 load address 0x000056c0
 .igot.plt      0x1fff8610        0x0 c:/nxp/s32ds_arm_v2.2/s32ds/build_tools/gcc_v6.3/gcc-6.3-arm32-eabi/bin/../lib/gcc/arm-none-eabi/6.3.1/thumb/v7e-m/fpv4-sp/hard/crtbegin.o

.code           0x1fff8610       0x38 load address 0x000056c0
                0x1fff8610                . = ALIGN (0x4)
                0x1fff8610                __CODE_RAM = .
                0x1fff8610                __code_start__ = .
                0x1fff8610                __code_ram_start__ = .
 *(.code_ram)
 .code_ram      0x1fff8610       0x38 ./SDK/platform/drivers/src/flash/flash_driver.o
                0x1fff8648                . = ALIGN (0x4)
                0x1fff8648                __code_end__ = .
                0x1fff8648                __code_ram_end__ = .
                0x000056f8                __CODE_END = (__CODE_ROM + (__code_end__ - __code_start__))
                0x000056f8                __CUSTOM_ROM = __CODE_END

.rel.dyn        0x1fff8648        0x0 load address 0x000056f8
 .rel.iplt      0x1fff8648        0x0 c:/nxp/s32ds_arm_v2.2/s32ds/build_tools/gcc_v6.3/gcc-6.3-arm32-eabi/bin/../lib/gcc/arm-none-eabi/6.3.1/thumb/v7e-m/fpv4-sp/hard/crtbegin.o

.customSectionBlock
                0x20000000        0x0 load address 0x000056f8
                0x20000000                __customSection_start__ = .
 *(.customSection)
                0x20000000                __customSection_end__ = .
                0x000056f8                __CUSTOM_END = (__CUSTOM_ROM + (__customSection_end__ - __customSection_start__))

.bss            0x20000000     0x11fc
                0x20000000                . = ALIGN (0x4)
                0x20000000                __BSS_START = .
                0x20000000                __bss_start__ = .
 *(.bss)
 *(.bss*)
 .bss.g_clockManCallbacksArr
                0x20000000        0x4 ./Generated_Code/clockMan1.o
                0x20000000                g_clockManCallbacksArr
 .bss.g_RtcClkInFreq
                0x20000004        0x4 ./SDK/platform/drivers/src/clock/S32K1xx/clock_S32K1xx.o
                0x20000004                g_RtcClkInFreq
 .bss.g_TClkFreq
                0x20000008        0xc ./SDK/platform/drivers/src/clock/S32K1xx/clock_S32K1xx.o
                0x20000008                g_TClkFreq
 .bss.g_clockState
                0x20000014       0x10 ./SDK/platform/drivers/src/clock/S32K1xx/clock_S32K1xx.o
 .bss.g_xtal0ClkFreq
                0x20000024        0x4 ./SDK/platform/drivers/src/clock/S32K1xx/clock_S32K1xx.o
                0x20000024                g_xtal0ClkFreq
 .bss.s_virtEdmaState
                0x20000028        0x4 ./SDK/platform/drivers/src/edma/edma_driver.o
 .bss.g_flexcanStatePtr
                0x2000002c        0xc ./SDK/platform/drivers/src/flexcan/flexcan_driver.o
 .bss.ftmStatePtr
                0x20000038       0x10 ./SDK/platform/drivers/src/ftm/ftm_common.o
                0x20000038                ftmStatePtr
 .bss.g_interruptDisableCount
                0x20000048        0x4 ./SDK/platform/drivers/src/interrupt/interrupt_manager.o
 .bss.s_lpuartStatePtr
                0x2000004c        0xc ./SDK/platform/drivers/src/lpuart/lpuart_driver.o
 .bss.ftmState.7463
                0x20000058      0x180 ./SDK/platform/pal/src/timing/timing_pal.o
 .bss.g_ftmChannelRunning
                0x200001d8       0x20 ./SDK/platform/pal/src/timing/timing_pal.o
                0x200001d8                g_ftmChannelRunning
 .bss.s_ftmState
                0x200001f8      0x300 ./SDK/platform/pal/src/timing/timing_pal.o
 .bss.s_lpuartState
                0x200004f8       0x34 ./SDK/platform/pal/src/uart/uart_pal.o
 .bss.s_lpuartStateInstanceMapping
                0x2000052c        0x1 ./SDK/platform/pal/src/uart/uart_pal.o
 *fill*         0x2000052d        0x3 
 .bss.s_lpuartStateIsAllocated
                0x20000530        0x1 ./SDK/platform/pal/src/uart/uart_pal.o
 *fill*         0x20000531        0x3 
 .bss.s_osif_tick_cnt
                0x20000534        0x4 ./SDK/rtos/osif/osif_baremetal.o
 .bss.JumpAddress
                0x20000538        0x4 ./Sources/bootloader_app.o
                0x20000538                JumpAddress
 .bss.JumpToApplication
                0x2000053c        0x4 ./Sources/bootloader_app.o
                0x2000053c                JumpToApplication
 .bss.app_crc_u32
                0x20000540        0x4 ./Sources/bootloader_app.o
                0x20000540                app_crc_u32
 .bss.app_entry_u32
                0x20000544        0x4 ./Sources/bootloader_app.o
                0x20000544                app_entry_u32
 .bss.backup_app_start_adrs_u32
                0x20000548        0x4 ./Sources/bootloader_app.o
                0x20000548                backup_app_start_adrs_u32
 .bss.boot_loader_conf_gst
                0x2000054c       0x10 ./Sources/bootloader_app.o
                0x2000054c                boot_loader_conf_gst
 .bss.boot_loader_data_rec_count_u32
                0x2000055c        0x4 ./Sources/bootloader_app.o
                0x2000055c                boot_loader_data_rec_count_u32
 .bss.boot_loader_flash_data_au8
                0x20000560      0x400 ./Sources/bootloader_app.o
                0x20000560                boot_loader_flash_data_au8
 .bss.bootloader_failed_vu8
                0x20000960        0x1 ./Sources/bootloader_app.o
                0x20000960                bootloader_failed_vu8
 *fill*         0x20000961        0x3 
 .bss.crc_check_sum_u32
                0x20000964        0x4 ./Sources/bootloader_app.o
                0x20000964                crc_check_sum_u32
 .bss.firmware_write_adrs_u32
                0x20000968        0x4 ./Sources/bootloader_app.o
                0x20000968                firmware_write_adrs_u32
 .bss.firmware_write_count_u32
                0x2000096c        0x4 ./Sources/bootloader_app.o
                0x2000096c                firmware_write_count_u32
 .bss.flash_read_boot_config_st
                0x20000970       0x10 ./Sources/bootloader_app.o
                0x20000970                flash_read_boot_config_st
 .bss.int_flash_write_data_u32
                0x20000980        0x4 ./Sources/bootloader_app.o
                0x20000980                int_flash_write_data_u32
 .bss.read_boot_loader_buffer_au8
                0x20000984      0x400 ./Sources/bootloader_app.o
                0x20000984                read_boot_loader_buffer_au8
 .bss.received_boot_config_st
                0x20000d84       0x10 ./Sources/bootloader_app.o
                0x20000d84                received_boot_config_st
 .bss.total_boot_loader_data_received_u32
                0x20000d94        0x4 ./Sources/bootloader_app.o
                0x20000d94                total_boot_loader_data_received_u32
 .bss.uart_bootloader_state_ge
                0x20000d98        0x1 ./Sources/bootloader_app.o
                0x20000d98                uart_bootloader_state_ge
 .bss.last_can_command_ack_pending
                0x20000d99        0x1 ./Sources/can.o
                0x20000d99                last_can_command_ack_pending
 *fill*         0x20000d9a        0x2 
 .bss.flashSSDConfig
                0x20000d9c       0x1c ./Sources/internal_flash.o
                0x20000d9c                flashSSDConfig
 .bss.exit_code
                0x20000db8        0x4 ./Sources/main.o
                0x20000db8                exit_code
 .bss.nvic_num_of_slots_configured_gu8
                0x20000dbc        0x1 ./Sources/nvic.o
                0x20000dbc                nvic_num_of_slots_configured_gu8
 *fill*         0x20000dbd        0x3 
 .bss.ftm_tim_sys_freq_u32
                0x20000dc0       0x10 ./Sources/timer.o
                0x20000dc0                ftm_tim_sys_freq_u32
 .bss.timer_one_seconds_eplased_vu8
                0x20000dd0        0x1 ./Sources/timer.o
                0x20000dd0                timer_one_seconds_eplased_vu8
 *fill*         0x20000dd1        0x3 
 .bss.uart_received_data_au8
                0x20000dd4      0x20d ./Sources/uart.o
                0x20000dd4                uart_received_data_au8
 .bss.bootloader_cmd_received_u8
                0x20000fe1        0x1 ./Sources/uart_state_machine.o
                0x20000fe1                bootloader_cmd_received_u8
 .bss.bootloader_enable_command_received_u8
                0x20000fe2        0x1 ./Sources/uart_state_machine.o
                0x20000fe2                bootloader_enable_command_received_u8
 .bss.crc_byte_1.9269
                0x20000fe3        0x1 ./Sources/uart_state_machine.o
 .bss.data_process_state.9266
                0x20000fe4        0x1 ./Sources/uart_state_machine.o
 .bss.heart_beat_flag
                0x20000fe5        0x1 ./Sources/uart_state_machine.o
                0x20000fe5                heart_beat_flag
 .bss.len_byte1.9267
                0x20000fe6        0x1 ./Sources/uart_state_machine.o
 *fill*         0x20000fe7        0x1 
 .bss.len_counter.9273
                0x20000fe8        0x2 ./Sources/uart_state_machine.o
 .bss.length_16.9271
                0x20000fea        0x2 ./Sources/uart_state_machine.o
 .bss.uart_rx_data
                0x20000fec      0x210 ./Sources/uart_state_machine.o
                0x20000fec                uart_rx_data
 *(COMMON)
                0x200011fc                . = ALIGN (0x4)
                0x200011fc                __bss_end__ = .
                0x200011fc                __BSS_END = .

.heap           0x200011fc      0x404
                0x20001200                . = ALIGN (0x8)
 *fill*         0x200011fc        0x4 
                0x20001200                __end__ = .
                0x20001200                __heap_start__ = .
                [!provide]                PROVIDE (end, .)
                [!provide]                PROVIDE (_end, .)
                [!provide]                PROVIDE (__end, .)
                0x20001200                __HeapBase = .
                0x20001600                . = (. + HEAP_SIZE)
 *fill*         0x20001200      0x400 
                0x20001600                __HeapLimit = .
                0x20001600                __heap_limit = .
                0x20001600                __heap_end__ = .
                0x20007000                __StackTop = (ORIGIN (m_data_2) + LENGTH (m_data_2))
                0x20006c00                __StackLimit = (__StackTop - STACK_SIZE)
                0x20007000                PROVIDE (__stack, __StackTop)
                0x20007000                __RAM_END = __StackTop

.stack          0x20006c00      0x400
                0x20006c00                . = ALIGN (0x8)
                0x20006c00                __stack_start__ = .
                0x20007000                . = (. + STACK_SIZE)
 *fill*         0x20006c00      0x400 
                0x20007000                __stack_end__ = .

.ARM.attributes
                0x00000000       0x30
 *(.ARM.attributes)
 .ARM.attributes
                0x00000000       0x22 c:/nxp/s32ds_arm_v2.2/s32ds/build_tools/gcc_v6.3/gcc-6.3-arm32-eabi/bin/../lib/gcc/arm-none-eabi/6.3.1/thumb/v7e-m/fpv4-sp/hard/crti.o
 .ARM.attributes
                0x00000022       0x39 ./Generated_Code/Flash1.o
 .ARM.attributes
                0x0000005b       0x39 ./Generated_Code/clockMan1.o
 .ARM.attributes
                0x00000094       0x39 ./Generated_Code/pin_mux.o
 .ARM.attributes
                0x000000cd       0x39 ./Generated_Code/timing_pal1.o
 .ARM.attributes
                0x00000106       0x39 ./Generated_Code/uart_pal1.o
 .ARM.attributes
                0x0000013f       0x1f ./Project_Settings/Startup_Code/startup_S32K144.o
 .ARM.attributes
                0x0000015e       0x39 ./SDK/platform/devices/S32K144/startup/system_S32K144.o
 .ARM.attributes
                0x00000197       0x39 ./SDK/platform/devices/startup.o
 .ARM.attributes
                0x000001d0       0x39 ./SDK/platform/drivers/src/clock/S32K1xx/clock_S32K1xx.o
 .ARM.attributes
                0x00000209       0x39 ./SDK/platform/drivers/src/edma/edma_driver.o
 .ARM.attributes
                0x00000242       0x39 ./SDK/platform/drivers/src/edma/edma_hw_access.o
 .ARM.attributes
                0x0000027b       0x39 ./SDK/platform/drivers/src/edma/edma_irq.o
 .ARM.attributes
                0x000002b4       0x39 ./SDK/platform/drivers/src/flash/flash_driver.o
 .ARM.attributes
                0x000002ed       0x39 ./SDK/platform/drivers/src/flexcan/flexcan_driver.o
 .ARM.attributes
                0x00000326       0x39 ./SDK/platform/drivers/src/flexcan/flexcan_hw_access.o
 .ARM.attributes
                0x0000035f       0x39 ./SDK/platform/drivers/src/flexcan/flexcan_irq.o
 .ARM.attributes
                0x00000398       0x39 ./SDK/platform/drivers/src/ftm/ftm_common.o
 .ARM.attributes
                0x000003d1       0x39 ./SDK/platform/drivers/src/ftm/ftm_hw_access.o
 .ARM.attributes
                0x0000040a       0x39 ./SDK/platform/drivers/src/ftm/ftm_oc_driver.o
 .ARM.attributes
                0x00000443       0x39 ./SDK/platform/drivers/src/interrupt/interrupt_manager.o
 .ARM.attributes
                0x0000047c       0x39 ./SDK/platform/drivers/src/lpuart/lpuart_driver.o
 .ARM.attributes
                0x000004b5       0x39 ./SDK/platform/drivers/src/lpuart/lpuart_hw_access.o
 .ARM.attributes
                0x000004ee       0x39 ./SDK/platform/drivers/src/lpuart/lpuart_irq.o
 .ARM.attributes
                0x00000527       0x39 ./SDK/platform/drivers/src/pins/pins_driver.o
 .ARM.attributes
                0x00000560       0x39 ./SDK/platform/drivers/src/pins/pins_port_hw_access.o
 .ARM.attributes
                0x00000599       0x39 ./SDK/platform/pal/src/timing/timing_irq.o
 .ARM.attributes
                0x000005d2       0x39 ./SDK/platform/pal/src/timing/timing_pal.o
 .ARM.attributes
                0x0000060b       0x39 ./SDK/platform/pal/src/uart/uart_pal.o
 .ARM.attributes
                0x00000644       0x39 ./SDK/rtos/osif/osif_baremetal.o
 .ARM.attributes
                0x0000067d       0x39 ./Sources/app_main.o
 .ARM.attributes
                0x000006b6       0x39 ./Sources/bb_memory.o
 .ARM.attributes
                0x000006ef       0x39 ./Sources/bootloader_app.o
 .ARM.attributes
                0x00000728       0x39 ./Sources/can.o
 .ARM.attributes
                0x00000761       0x39 ./Sources/clock.o
 .ARM.attributes
                0x0000079a       0x39 ./Sources/core_main.o
 .ARM.attributes
                0x000007d3       0x39 ./Sources/gpio.o
 .ARM.attributes
                0x0000080c       0x39 ./Sources/internal_flash.o
 .ARM.attributes
                0x00000845       0x39 ./Sources/internal_flash_app.o
 .ARM.attributes
                0x0000087e       0x39 ./Sources/main.o
 .ARM.attributes
                0x000008b7       0x39 ./Sources/nvic.o
 .ARM.attributes
                0x000008f0       0x39 ./Sources/timer.o
 .ARM.attributes
                0x00000929       0x39 ./Sources/uart.o
 .ARM.attributes
                0x00000962       0x39 ./Sources/uart_state_machine.o
 .ARM.attributes
                0x0000099b       0x34 C:/NXP/S32DS_ARM_v2.2/S32DS/build_tools/gcc_v6.3/gcc-6.3-arm32-eabi/arm-none-eabi/newlib/lib/thumb/v7e-m/fpv4-sp/hard\libc_nano.a(lib_a-memcpy-stub.o)
 .ARM.attributes
                0x000009cf       0x34 C:/NXP/S32DS_ARM_v2.2/S32DS/build_tools/gcc_v6.3/gcc-6.3-arm32-eabi/arm-none-eabi/newlib/lib/thumb/v7e-m/fpv4-sp/hard\libc_nano.a(lib_a-memset.o)
                0x00000001                ASSERT ((__StackLimit >= __HeapLimit), region m_data_2 overflowed with stack and heap)
OUTPUT(bootloader_byte_beam_nxp_s32k144.elf elf32-littlearm)

.debug_info     0x00000000    0x49e68
 .debug_info    0x00000000     0x27bf ./Generated_Code/Flash1.o
 .debug_info    0x000027bf     0x28f4 ./Generated_Code/clockMan1.o
 .debug_info    0x000050b3      0x406 ./Generated_Code/pin_mux.o
 .debug_info    0x000054b9     0x27e6 ./Generated_Code/timing_pal1.o
 .debug_info    0x00007c9f     0x27cc ./Generated_Code/uart_pal1.o
 .debug_info    0x0000a46b       0x26 ./Project_Settings/Startup_Code/startup_S32K144.o
 .debug_info    0x0000a491      0x521 ./SDK/platform/devices/S32K144/startup/system_S32K144.o
 .debug_info    0x0000a9b2      0x2ad ./SDK/platform/devices/startup.o
 .debug_info    0x0000ac5f     0x5aaa ./SDK/platform/drivers/src/clock/S32K1xx/clock_S32K1xx.o
 .debug_info    0x00010709     0x3771 ./SDK/platform/drivers/src/edma/edma_driver.o
 .debug_info    0x00013e7a      0x960 ./SDK/platform/drivers/src/edma/edma_hw_access.o
 .debug_info    0x000147da      0x6db ./SDK/platform/drivers/src/edma/edma_irq.o
 .debug_info    0x00014eb5     0x188f ./SDK/platform/drivers/src/flash/flash_driver.o
 .debug_info    0x00016744     0x4fe1 ./SDK/platform/drivers/src/flexcan/flexcan_driver.o
 .debug_info    0x0001b725     0x1d43 ./SDK/platform/drivers/src/flexcan/flexcan_hw_access.o
 .debug_info    0x0001d468      0x275 ./SDK/platform/drivers/src/flexcan/flexcan_irq.o
 .debug_info    0x0001d6dd     0x2c43 ./SDK/platform/drivers/src/ftm/ftm_common.o
 .debug_info    0x00020320      0x973 ./SDK/platform/drivers/src/ftm/ftm_hw_access.o
 .debug_info    0x00020c93     0x13b2 ./SDK/platform/drivers/src/ftm/ftm_oc_driver.o
 .debug_info    0x00022045      0x8bd ./SDK/platform/drivers/src/interrupt/interrupt_manager.o
 .debug_info    0x00022902     0x2fe8 ./SDK/platform/drivers/src/lpuart/lpuart_driver.o
 .debug_info    0x000258ea      0x96c ./SDK/platform/drivers/src/lpuart/lpuart_hw_access.o
 .debug_info    0x00026256      0x127 ./SDK/platform/drivers/src/lpuart/lpuart_irq.o
 .debug_info    0x0002637d     0x13d8 ./SDK/platform/drivers/src/pins/pins_driver.o
 .debug_info    0x00027755      0x8a8 ./SDK/platform/drivers/src/pins/pins_port_hw_access.o
 .debug_info    0x00027ffd     0x13a3 ./SDK/platform/pal/src/timing/timing_irq.o
 .debug_info    0x000293a0     0x1bf3 ./SDK/platform/pal/src/timing/timing_pal.o
 .debug_info    0x0002af93      0xf7f ./SDK/platform/pal/src/uart/uart_pal.o
 .debug_info    0x0002bf12      0xa9e ./SDK/rtos/osif/osif_baremetal.o
 .debug_info    0x0002c9b0      0x385 ./Sources/app_main.o
 .debug_info    0x0002cd35      0x9b4 ./Sources/bb_memory.o
 .debug_info    0x0002d6e9     0x41e7 ./Sources/bootloader_app.o
 .debug_info    0x000318d0     0x35d9 ./Sources/can.o
 .debug_info    0x00034ea9     0x2827 ./Sources/clock.o
 .debug_info    0x000376d0     0x3193 ./Sources/core_main.o
 .debug_info    0x0003a863      0x45a ./Sources/gpio.o
 .debug_info    0x0003acbd     0x29f3 ./Sources/internal_flash.o
 .debug_info    0x0003d6b0      0x3f5 ./Sources/internal_flash_app.o
 .debug_info    0x0003daa5     0x27fe ./Sources/main.o
 .debug_info    0x000402a3      0x781 ./Sources/nvic.o
 .debug_info    0x00040a24     0x2a59 ./Sources/timer.o
 .debug_info    0x0004347d     0x3302 ./Sources/uart.o
 .debug_info    0x0004677f     0x36e9 ./Sources/uart_state_machine.o

.debug_abbrev   0x00000000     0x589c
 .debug_abbrev  0x00000000      0x151 ./Generated_Code/Flash1.o
 .debug_abbrev  0x00000151      0x15e ./Generated_Code/clockMan1.o
 .debug_abbrev  0x000002af       0xca ./Generated_Code/pin_mux.o
 .debug_abbrev  0x00000379      0x151 ./Generated_Code/timing_pal1.o
 .debug_abbrev  0x000004ca      0x151 ./Generated_Code/uart_pal1.o
 .debug_abbrev  0x0000061b       0x14 ./Project_Settings/Startup_Code/startup_S32K144.o
 .debug_abbrev  0x0000062f      0x140 ./SDK/platform/devices/S32K144/startup/system_S32K144.o
 .debug_abbrev  0x0000076f       0xe0 ./SDK/platform/devices/startup.o
 .debug_abbrev  0x0000084f      0x3e3 ./SDK/platform/drivers/src/clock/S32K1xx/clock_S32K1xx.o
 .debug_abbrev  0x00000c32      0x422 ./SDK/platform/drivers/src/edma/edma_driver.o
 .debug_abbrev  0x00001054      0x205 ./SDK/platform/drivers/src/edma/edma_hw_access.o
 .debug_abbrev  0x00001259      0x1b8 ./SDK/platform/drivers/src/edma/edma_irq.o
 .debug_abbrev  0x00001411      0x2bf ./SDK/platform/drivers/src/flash/flash_driver.o
 .debug_abbrev  0x000016d0      0x428 ./SDK/platform/drivers/src/flexcan/flexcan_driver.o
 .debug_abbrev  0x00001af8      0x38a ./SDK/platform/drivers/src/flexcan/flexcan_hw_access.o
 .debug_abbrev  0x00001e82       0x6c ./SDK/platform/drivers/src/flexcan/flexcan_irq.o
 .debug_abbrev  0x00001eee      0x360 ./SDK/platform/drivers/src/ftm/ftm_common.o
 .debug_abbrev  0x0000224e      0x1b8 ./SDK/platform/drivers/src/ftm/ftm_hw_access.o
 .debug_abbrev  0x00002406      0x253 ./SDK/platform/drivers/src/ftm/ftm_oc_driver.o
 .debug_abbrev  0x00002659      0x1ce ./SDK/platform/drivers/src/interrupt/interrupt_manager.o
 .debug_abbrev  0x00002827      0x3a4 ./SDK/platform/drivers/src/lpuart/lpuart_driver.o
 .debug_abbrev  0x00002bcb      0x1d0 ./SDK/platform/drivers/src/lpuart/lpuart_hw_access.o
 .debug_abbrev  0x00002d9b       0xb9 ./SDK/platform/drivers/src/lpuart/lpuart_irq.o
 .debug_abbrev  0x00002e54      0x2db ./SDK/platform/drivers/src/pins/pins_driver.o
 .debug_abbrev  0x0000312f      0x1f5 ./SDK/platform/drivers/src/pins/pins_port_hw_access.o
 .debug_abbrev  0x00003324      0x1ba ./SDK/platform/pal/src/timing/timing_irq.o
 .debug_abbrev  0x000034de      0x2e5 ./SDK/platform/pal/src/timing/timing_pal.o
 .debug_abbrev  0x000037c3      0x24c ./SDK/platform/pal/src/uart/uart_pal.o
 .debug_abbrev  0x00003a0f      0x2c6 ./SDK/rtos/osif/osif_baremetal.o
 .debug_abbrev  0x00003cd5      0x129 ./Sources/app_main.o
 .debug_abbrev  0x00003dfe      0x1d0 ./Sources/bb_memory.o
 .debug_abbrev  0x00003fce      0x3f7 ./Sources/bootloader_app.o
 .debug_abbrev  0x000043c5      0x279 ./Sources/can.o
 .debug_abbrev  0x0000463e      0x1a8 ./Sources/clock.o
 .debug_abbrev  0x000047e6      0x222 ./Sources/core_main.o
 .debug_abbrev  0x00004a08      0x114 ./Sources/gpio.o
 .debug_abbrev  0x00004b1c      0x1c8 ./Sources/internal_flash.o
 .debug_abbrev  0x00004ce4      0x137 ./Sources/internal_flash_app.o
 .debug_abbrev  0x00004e1b      0x191 ./Sources/main.o
 .debug_abbrev  0x00004fac      0x164 ./Sources/nvic.o
 .debug_abbrev  0x00005110      0x234 ./Sources/timer.o
 .debug_abbrev  0x00005344      0x282 ./Sources/uart.o
 .debug_abbrev  0x000055c6      0x2d6 ./Sources/uart_state_machine.o

.debug_aranges  0x00000000     0x1200
 .debug_aranges
                0x00000000       0x18 ./Generated_Code/Flash1.o
 .debug_aranges
                0x00000018       0x18 ./Generated_Code/clockMan1.o
 .debug_aranges
                0x00000030       0x18 ./Generated_Code/pin_mux.o
 .debug_aranges
                0x00000048       0x18 ./Generated_Code/timing_pal1.o
 .debug_aranges
                0x00000060       0x18 ./Generated_Code/uart_pal1.o
 .debug_aranges
                0x00000078       0x20 ./Project_Settings/Startup_Code/startup_S32K144.o
 .debug_aranges
                0x00000098       0x30 ./SDK/platform/devices/S32K144/startup/system_S32K144.o
 .debug_aranges
                0x000000c8       0x20 ./SDK/platform/devices/startup.o
 .debug_aranges
                0x000000e8      0x120 ./SDK/platform/drivers/src/clock/S32K1xx/clock_S32K1xx.o
 .debug_aranges
                0x00000208      0x138 ./SDK/platform/drivers/src/edma/edma_driver.o
 .debug_aranges
                0x00000340       0x88 ./SDK/platform/drivers/src/edma/edma_hw_access.o
 .debug_aranges
                0x000003c8       0xa0 ./SDK/platform/drivers/src/edma/edma_irq.o
 .debug_aranges
                0x00000468      0x130 ./SDK/platform/drivers/src/flash/flash_driver.o
 .debug_aranges
                0x00000598      0x170 ./SDK/platform/drivers/src/flexcan/flexcan_driver.o
 .debug_aranges
                0x00000708       0xe8 ./SDK/platform/drivers/src/flexcan/flexcan_hw_access.o
 .debug_aranges
                0x000007f0       0x80 ./SDK/platform/drivers/src/flexcan/flexcan_irq.o
 .debug_aranges
                0x00000870       0xc8 ./SDK/platform/drivers/src/ftm/ftm_common.o
 .debug_aranges
                0x00000938       0x38 ./SDK/platform/drivers/src/ftm/ftm_hw_access.o
 .debug_aranges
                0x00000970       0x30 ./SDK/platform/drivers/src/ftm/ftm_oc_driver.o
 .debug_aranges
                0x000009a0       0x70 ./SDK/platform/drivers/src/interrupt/interrupt_manager.o
 .debug_aranges
                0x00000a10      0x118 ./SDK/platform/drivers/src/lpuart/lpuart_driver.o
 .debug_aranges
                0x00000b28       0x78 ./SDK/platform/drivers/src/lpuart/lpuart_hw_access.o
 .debug_aranges
                0x00000ba0       0x30 ./SDK/platform/drivers/src/lpuart/lpuart_irq.o
 .debug_aranges
                0x00000bd0       0xe0 ./SDK/platform/drivers/src/pins/pins_driver.o
 .debug_aranges
                0x00000cb0       0x40 ./SDK/platform/drivers/src/pins/pins_port_hw_access.o
 .debug_aranges
                0x00000cf0       0x98 ./SDK/platform/pal/src/timing/timing_irq.o
 .debug_aranges
                0x00000d88       0x78 ./SDK/platform/pal/src/timing/timing_pal.o
 .debug_aranges
                0x00000e00       0x90 ./SDK/platform/pal/src/uart/uart_pal.o
 .debug_aranges
                0x00000e90       0x70 ./SDK/rtos/osif/osif_baremetal.o
 .debug_aranges
                0x00000f00       0x20 ./Sources/app_main.o
 .debug_aranges
                0x00000f20       0x30 ./Sources/bb_memory.o
 .debug_aranges
                0x00000f50       0x90 ./Sources/bootloader_app.o
 .debug_aranges
                0x00000fe0       0x28 ./Sources/can.o
 .debug_aranges
                0x00001008       0x20 ./Sources/clock.o
 .debug_aranges
                0x00001028       0x20 ./Sources/core_main.o
 .debug_aranges
                0x00001048       0x20 ./Sources/gpio.o
 .debug_aranges
                0x00001068       0x30 ./Sources/internal_flash.o
 .debug_aranges
                0x00001098       0x50 ./Sources/internal_flash_app.o
 .debug_aranges
                0x000010e8       0x20 ./Sources/main.o
 .debug_aranges
                0x00001108       0x50 ./Sources/nvic.o
 .debug_aranges
                0x00001158       0x30 ./Sources/timer.o
 .debug_aranges
                0x00001188       0x38 ./Sources/uart.o
 .debug_aranges
                0x000011c0       0x40 ./Sources/uart_state_machine.o

.debug_line     0x00000000     0xebb7
 .debug_line    0x00000000      0x5ab ./Generated_Code/Flash1.o
 .debug_line    0x000005ab      0x5ae ./Generated_Code/clockMan1.o
 .debug_line    0x00000b59      0x216 ./Generated_Code/pin_mux.o
 .debug_line    0x00000d6f      0x5b0 ./Generated_Code/timing_pal1.o
 .debug_line    0x0000131f      0x5ae ./Generated_Code/uart_pal1.o
 .debug_line    0x000018cd       0x82 ./Project_Settings/Startup_Code/startup_S32K144.o
 .debug_line    0x0000194f      0x21a ./SDK/platform/devices/S32K144/startup/system_S32K144.o
 .debug_line    0x00001b69      0x177 ./SDK/platform/devices/startup.o
 .debug_line    0x00001ce0     0x1151 ./SDK/platform/drivers/src/clock/S32K1xx/clock_S32K1xx.o
 .debug_line    0x00002e31      0x91b ./SDK/platform/drivers/src/edma/edma_driver.o
 .debug_line    0x0000374c      0x3ab ./SDK/platform/drivers/src/edma/edma_hw_access.o
 .debug_line    0x00003af7      0x2fe ./SDK/platform/drivers/src/edma/edma_irq.o
 .debug_line    0x00003df5      0x80e ./SDK/platform/drivers/src/flash/flash_driver.o
 .debug_line    0x00004603      0xd8f ./SDK/platform/drivers/src/flexcan/flexcan_driver.o
 .debug_line    0x00005392      0x7ec ./SDK/platform/drivers/src/flexcan/flexcan_hw_access.o
 .debug_line    0x00005b7e      0x140 ./SDK/platform/drivers/src/flexcan/flexcan_irq.o
 .debug_line    0x00005cbe      0x7d8 ./SDK/platform/drivers/src/ftm/ftm_common.o
 .debug_line    0x00006496      0x3a9 ./SDK/platform/drivers/src/ftm/ftm_hw_access.o
 .debug_line    0x0000683f      0x4da ./SDK/platform/drivers/src/ftm/ftm_oc_driver.o
 .debug_line    0x00006d19      0x345 ./SDK/platform/drivers/src/interrupt/interrupt_manager.o
 .debug_line    0x0000705e      0xa26 ./SDK/platform/drivers/src/lpuart/lpuart_driver.o
 .debug_line    0x00007a84      0x421 ./SDK/platform/drivers/src/lpuart/lpuart_hw_access.o
 .debug_line    0x00007ea5      0x108 ./SDK/platform/drivers/src/lpuart/lpuart_irq.o
 .debug_line    0x00007fad      0x518 ./SDK/platform/drivers/src/pins/pins_driver.o
 .debug_line    0x000084c5      0x327 ./SDK/platform/drivers/src/pins/pins_port_hw_access.o
 .debug_line    0x000087ec      0x597 ./SDK/platform/pal/src/timing/timing_irq.o
 .debug_line    0x00008d83      0x5f1 ./SDK/platform/pal/src/timing/timing_pal.o
 .debug_line    0x00009374      0x4a5 ./SDK/platform/pal/src/uart/uart_pal.o
 .debug_line    0x00009819      0x458 ./SDK/rtos/osif/osif_baremetal.o
 .debug_line    0x00009c71      0x1bb ./Sources/app_main.o
 .debug_line    0x00009e2c      0x213 ./Sources/bb_memory.o
 .debug_line    0x0000a03f      0xa11 ./Sources/bootloader_app.o
 .debug_line    0x0000aa50      0x7d4 ./Sources/can.o
 .debug_line    0x0000b224      0x60c ./Sources/clock.o
 .debug_line    0x0000b830      0x756 ./Sources/core_main.o
 .debug_line    0x0000bf86      0x274 ./Sources/gpio.o
 .debug_line    0x0000c1fa      0x670 ./Sources/internal_flash.o
 .debug_line    0x0000c86a      0x27a ./Sources/internal_flash_app.o
 .debug_line    0x0000cae4      0x66f ./Sources/main.o
 .debug_line    0x0000d153      0x3c4 ./Sources/nvic.o
 .debug_line    0x0000d517      0x6c0 ./Sources/timer.o
 .debug_line    0x0000dbd7      0x766 ./Sources/uart.o
 .debug_line    0x0000e33d      0x87a ./Sources/uart_state_machine.o

.debug_str      0x00000000     0xe4c2
 .debug_str     0x00000000     0x3b7d ./Generated_Code/Flash1.o
                               0x3ea9 (size before relaxing)
 .debug_str     0x00003b7d      0x4b6 ./Generated_Code/clockMan1.o
                               0x4344 (size before relaxing)
 .debug_str     0x00004033       0x1c ./Generated_Code/pin_mux.o
                                0x60c (size before relaxing)
 .debug_str     0x0000404f       0x20 ./Generated_Code/timing_pal1.o
                               0x3eae (size before relaxing)
 .debug_str     0x0000406f       0x1e ./Generated_Code/uart_pal1.o
                               0x3eac (size before relaxing)
 .debug_str     0x0000408d       0x3f ./Project_Settings/Startup_Code/startup_S32K144.o
                                 0x93 (size before relaxing)
 .debug_str     0x000040cc      0x1d7 ./SDK/platform/devices/S32K144/startup/system_S32K144.o
                                0x44d (size before relaxing)
 .debug_str     0x000042a3      0x20c ./SDK/platform/devices/startup.o
                                0x43c (size before relaxing)
 .debug_str     0x000044af     0x152a ./SDK/platform/drivers/src/clock/S32K1xx/clock_S32K1xx.o
                               0x394c (size before relaxing)
 .debug_str     0x000059d9     0x116c ./SDK/platform/drivers/src/edma/edma_driver.o
                               0x2a3a (size before relaxing)
 .debug_str     0x00006b45       0x46 ./SDK/platform/drivers/src/edma/edma_hw_access.o
                                0x7fe (size before relaxing)
 .debug_str     0x00006b8b      0x162 ./SDK/platform/drivers/src/edma/edma_irq.o
                                0x513 (size before relaxing)
 .debug_str     0x00006ced      0x6f9 ./SDK/platform/drivers/src/flash/flash_driver.o
                               0x18f3 (size before relaxing)
 .debug_str     0x000073e6     0x1a8a ./SDK/platform/drivers/src/flexcan/flexcan_driver.o
                               0x3223 (size before relaxing)
 .debug_str     0x00008e70      0x33f ./SDK/platform/drivers/src/flexcan/flexcan_hw_access.o
                               0x1826 (size before relaxing)
 .debug_str     0x000091af      0x17c ./SDK/platform/drivers/src/flexcan/flexcan_irq.o
                                0x3c8 (size before relaxing)
 .debug_str     0x0000932b      0xd67 ./SDK/platform/drivers/src/ftm/ftm_common.o
                               0x276d (size before relaxing)
 .debug_str     0x0000a092       0xa7 ./SDK/platform/drivers/src/ftm/ftm_hw_access.o
                                0xd64 (size before relaxing)
 .debug_str     0x0000a139      0x356 ./SDK/platform/drivers/src/ftm/ftm_oc_driver.o
                               0x18a8 (size before relaxing)
 .debug_str     0x0000a48f      0x156 ./SDK/platform/drivers/src/interrupt/interrupt_manager.o
                                0xa93 (size before relaxing)
 .debug_str     0x0000a5e5      0xc6d ./SDK/platform/drivers/src/lpuart/lpuart_driver.o
                               0x250d (size before relaxing)
 .debug_str     0x0000b252       0xc4 ./SDK/platform/drivers/src/lpuart/lpuart_hw_access.o
                               0x1091 (size before relaxing)
 .debug_str     0x0000b316       0x69 ./SDK/platform/drivers/src/lpuart/lpuart_irq.o
                                0x29b (size before relaxing)
 .debug_str     0x0000b37f      0x5da ./SDK/platform/drivers/src/pins/pins_driver.o
                               0x1458 (size before relaxing)
 .debug_str     0x0000b959      0x19d ./SDK/platform/drivers/src/pins/pins_port_hw_access.o
                                0x940 (size before relaxing)
 .debug_str     0x0000baf6      0x26b ./SDK/platform/pal/src/timing/timing_irq.o
                                0xe09 (size before relaxing)
 .debug_str     0x0000bd61      0x2d1 ./SDK/platform/pal/src/timing/timing_pal.o
                               0x21a3 (size before relaxing)
 .debug_str     0x0000c032      0x201 ./SDK/platform/pal/src/uart/uart_pal.o
                               0x1353 (size before relaxing)
 .debug_str     0x0000c233      0x192 ./SDK/rtos/osif/osif_baremetal.o
                               0x10e9 (size before relaxing)
 .debug_str     0x0000c3c5      0x6f2 ./Sources/app_main.o
                                0x915 (size before relaxing)
 .debug_str     0x0000cab7      0x4a8 ./Sources/bb_memory.o
                                0x71c (size before relaxing)
 .debug_str     0x0000cf5f      0x8c1 ./Sources/bootloader_app.o
                               0x52e3 (size before relaxing)
 .debug_str     0x0000d820      0x176 ./Sources/can.o
                               0x4859 (size before relaxing)
 .debug_str     0x0000d996       0x33 ./Sources/clock.o
                               0x3eee (size before relaxing)
 .debug_str     0x0000d9c9       0x98 ./Sources/core_main.o
                               0x44b9 (size before relaxing)
 .debug_str     0x0000da61       0x20 ./Sources/gpio.o
                                0x63d (size before relaxing)
 .debug_str     0x0000da81       0xe1 ./Sources/internal_flash.o
                               0x40af (size before relaxing)
 .debug_str     0x0000db62      0x225 ./Sources/internal_flash_app.o
                                0x5d3 (size before relaxing)
 .debug_str     0x0000dd87       0x1c ./Sources/main.o
                               0x3eb8 (size before relaxing)
 .debug_str     0x0000dda3      0x1a4 ./Sources/nvic.o
                                0xe23 (size before relaxing)
 .debug_str     0x0000df47       0xd8 ./Sources/timer.o
                               0x4195 (size before relaxing)
 .debug_str     0x0000e01f       0xc0 ./Sources/uart.o
                               0x4529 (size before relaxing)
 .debug_str     0x0000e0df      0x3e3 ./Sources/uart_state_machine.o
                               0x4df7 (size before relaxing)

.comment        0x00000000       0xa0
 .comment       0x00000000       0xa0 ./Generated_Code/Flash1.o
                                 0xa1 (size before relaxing)
 .comment       0x000000a0       0xa1 ./Generated_Code/clockMan1.o
 .comment       0x000000a0       0xa1 ./Generated_Code/pin_mux.o
 .comment       0x000000a0       0xa1 ./Generated_Code/timing_pal1.o
 .comment       0x000000a0       0xa1 ./Generated_Code/uart_pal1.o
 .comment       0x000000a0       0xa1 ./SDK/platform/devices/S32K144/startup/system_S32K144.o
 .comment       0x000000a0       0xa1 ./SDK/platform/devices/startup.o
 .comment       0x000000a0       0xa1 ./SDK/platform/drivers/src/clock/S32K1xx/clock_S32K1xx.o
 .comment       0x000000a0       0xa1 ./SDK/platform/drivers/src/edma/edma_driver.o
 .comment       0x000000a0       0xa1 ./SDK/platform/drivers/src/edma/edma_hw_access.o
 .comment       0x000000a0       0xa1 ./SDK/platform/drivers/src/edma/edma_irq.o
 .comment       0x000000a0       0xa1 ./SDK/platform/drivers/src/flash/flash_driver.o
 .comment       0x000000a0       0xa1 ./SDK/platform/drivers/src/flexcan/flexcan_driver.o
 .comment       0x000000a0       0xa1 ./SDK/platform/drivers/src/flexcan/flexcan_hw_access.o
 .comment       0x000000a0       0xa1 ./SDK/platform/drivers/src/flexcan/flexcan_irq.o
 .comment       0x000000a0       0xa1 ./SDK/platform/drivers/src/ftm/ftm_common.o
 .comment       0x000000a0       0xa1 ./SDK/platform/drivers/src/ftm/ftm_hw_access.o
 .comment       0x000000a0       0xa1 ./SDK/platform/drivers/src/ftm/ftm_oc_driver.o
 .comment       0x000000a0       0xa1 ./SDK/platform/drivers/src/interrupt/interrupt_manager.o
 .comment       0x000000a0       0xa1 ./SDK/platform/drivers/src/lpuart/lpuart_driver.o
 .comment       0x000000a0       0xa1 ./SDK/platform/drivers/src/lpuart/lpuart_hw_access.o
 .comment       0x000000a0       0xa1 ./SDK/platform/drivers/src/lpuart/lpuart_irq.o
 .comment       0x000000a0       0xa1 ./SDK/platform/drivers/src/pins/pins_driver.o
 .comment       0x000000a0       0xa1 ./SDK/platform/drivers/src/pins/pins_port_hw_access.o
 .comment       0x000000a0       0xa1 ./SDK/platform/pal/src/timing/timing_irq.o
 .comment       0x000000a0       0xa1 ./SDK/platform/pal/src/timing/timing_pal.o
 .comment       0x000000a0       0xa1 ./SDK/platform/pal/src/uart/uart_pal.o
 .comment       0x000000a0       0xa1 ./SDK/rtos/osif/osif_baremetal.o
 .comment       0x000000a0       0xa1 ./Sources/app_main.o
 .comment       0x000000a0       0xa1 ./Sources/bb_memory.o
 .comment       0x000000a0       0xa1 ./Sources/bootloader_app.o
 .comment       0x000000a0       0xa1 ./Sources/can.o
 .comment       0x000000a0       0xa1 ./Sources/clock.o
 .comment       0x000000a0       0xa1 ./Sources/core_main.o
 .comment       0x000000a0       0xa1 ./Sources/gpio.o
 .comment       0x000000a0       0xa1 ./Sources/internal_flash.o
 .comment       0x000000a0       0xa1 ./Sources/internal_flash_app.o
 .comment       0x000000a0       0xa1 ./Sources/main.o
 .comment       0x000000a0       0xa1 ./Sources/nvic.o
 .comment       0x000000a0       0xa1 ./Sources/timer.o
 .comment       0x000000a0       0xa1 ./Sources/uart.o
 .comment       0x000000a0       0xa1 ./Sources/uart_state_machine.o

.debug_loc      0x00000000    0x17975
 .debug_loc     0x00000000       0xeb ./SDK/platform/devices/S32K144/startup/system_S32K144.o
 .debug_loc     0x000000eb       0xec ./SDK/platform/devices/startup.o
 .debug_loc     0x000001d7     0x4da8 ./SDK/platform/drivers/src/clock/S32K1xx/clock_S32K1xx.o
 .debug_loc     0x00004f7f     0x28ae ./SDK/platform/drivers/src/edma/edma_driver.o
 .debug_loc     0x0000782d      0x6fa ./SDK/platform/drivers/src/edma/edma_hw_access.o
 .debug_loc     0x00007f27       0x50 ./SDK/platform/drivers/src/edma/edma_irq.o
 .debug_loc     0x00007f77     0x1e38 ./SDK/platform/drivers/src/flash/flash_driver.o
 .debug_loc     0x00009daf     0x33c8 ./SDK/platform/drivers/src/flexcan/flexcan_driver.o
 .debug_loc     0x0000d177     0x1b4e ./SDK/platform/drivers/src/flexcan/flexcan_hw_access.o
 .debug_loc     0x0000ecc5     0x1a51 ./SDK/platform/drivers/src/ftm/ftm_common.o
 .debug_loc     0x00010716      0x184 ./SDK/platform/drivers/src/ftm/ftm_hw_access.o
 .debug_loc     0x0001089a      0x65b ./SDK/platform/drivers/src/ftm/ftm_oc_driver.o